Model Technology ModelSim SE-64 vlog 2020.4 Compiler 2020.10 Oct 13 2020
Start time: 13:36:25 on Sep 12,2026
vlog -sv -work build/unitwork rtl/picorv32.v rtl/soc_bram.v rtl/simpleuart.v rtl/xpix_soc.v sim/tb_soc.v 
-- Compiling module picorv32
-- Compiling module picorv32_regs
-- Compiling module picorv32_pcpi_mul
-- Compiling module picorv32_pcpi_fast_mul
-- Compiling module picorv32_pcpi_div
-- Compiling module picorv32_axi
-- Compiling module picorv32_axi_adapter
-- Compiling module picorv32_wb
-- Compiling module soc_bram
-- Compiling module simpleuart
-- Compiling module xpix_soc
-- Compiling module tb_soc

Top level modules:
	picorv32_regs
	picorv32_axi
	picorv32_wb
	tb_soc
End time: 13:36:25 on Sep 12,2026, Elapsed time: 0:00:00
Errors: 0, Warnings: 0
