Reading pref.tcl

# 2020.4

# do sim/run_xpix.do
# Model Technology ModelSim SE-64 vmap 2020.4 Lib Mapping Utility 2020.10 Oct 13 2020
# vmap unitwork build/unitwork 
# Modifying modelsim.ini
# Model Technology ModelSim SE-64 vlog 2020.4 Compiler 2020.10 Oct 13 2020
# Start time: 13:51:03 on Sep 12,2026
# vlog -sv -work unitwork rtl/xpix_pcpi.v sim/tb_xpix_pcpi.v 
# -- Compiling module xpix_pcpi
# -- Compiling module tb_xpix_pcpi
# 
# Top level modules:
# 	tb_xpix_pcpi
# End time: 13:51:03 on Sep 12,2026, Elapsed time: 0:00:00
# Errors: 0, Warnings: 0
# vsim -voptargs="+acc" -onfinish stop unitwork.tb_xpix_pcpi 
# Start time: 13:51:03 on Sep 12,2026
# ** Note: (vsim-3812) Design is being optimized...
# ** Note: (vopt-143) Recognized 1 FSM in module "xpix_pcpi(fast)".
# //  ModelSim SE-64 2020.4 Oct 13 2020 Linux 5.15.0-139-generic
# //
# //  Copyright 1991-2020 Mentor Graphics Corporation
# //  All Rights Reserved.
# //
# //  ModelSim SE-64 and its associated documentation contain trade
# //  secrets and commercial or financial information that are the property of
# //  Mentor Graphics Corporation and are privileged, confidential,
# //  and exempt from disclosure under the Freedom of Information Act,
# //  5 U.S.C. Section 552. Furthermore, this information
# //  is prohibited from disclosure under the Trade Secrets Act,
# //  18 U.S.C. Section 1905.
# //
# Loading sv_std.std
# Loading work.tb_xpix_pcpi(fast)
# Loading work.xpix_pcpi(fast)
# XPIX_UNIT_TEST_PASS random_cases=100000 mismatch=0
# ** Note: $finish    : sim/tb_xpix_pcpi.v(63)
#    Time: 3202024 ns  Iteration: 1  Instance: /tb_xpix_pcpi
# Break in Module tb_xpix_pcpi at sim/tb_xpix_pcpi.v line 63
# End time: 13:51:04 on Sep 12,2026, Elapsed time: 0:00:01
# Errors: 0, Warnings: 0
