Copyright 1986-2022 Xilinx, Inc. All Rights Reserved.
-----------------------------------------------------------------------------------------
| Tool Version      : Vivado v.2022.2 (lin64) Build 3671981 Fri Oct 14 04:59:54 MDT 2022
| Date              : Sat Sep 12 13:47:48 2026
| Host              : x-System-Product-Name running 64-bit Ubuntu 20.04.6 LTS
| Command           : report_timing_summary -file reports/vivado/baseline_timing.rpt
| Design            : zcu102_top
| Device            : xczu9eg-ffvb1156
| Speed File        : -2  PRODUCTION 1.30 05-15-2022
| Temperature Grade : E
-----------------------------------------------------------------------------------------

Timing Summary Report

------------------------------------------------------------------------------------------------
| Timer Settings
| --------------
------------------------------------------------------------------------------------------------

  Enable Multi Corner Analysis               :  Yes
  Enable Pessimism Removal                   :  Yes
  Pessimism Removal Resolution               :  Nearest Common Node
  Enable Input Delay Default Clock           :  No
  Enable Preset / Clear Arcs                 :  No
  Disable Flight Delays                      :  No
  Ignore I/O Paths                           :  No
  Timing Early Launch at Borrowing Latches   :  No
  Borrow Time for Max Delay Exceptions       :  Yes
  Merge Timing Exceptions                    :  Yes

  Corner  Analyze    Analyze    
  Name    Max Paths  Min Paths  
  ------  ---------  ---------  
  Slow    Yes        Yes        
  Fast    Yes        Yes        


------------------------------------------------------------------------------------------------
| Report Methodology
| ------------------
------------------------------------------------------------------------------------------------

No report available as report_methodology has not been run prior. Run report_methodology on the current design for the summary of methodology violations.



check_timing report

Table of Contents
-----------------
1. checking no_clock (0)
2. checking constant_clock (0)
3. checking pulse_width_clock (0)
4. checking unconstrained_internal_endpoints (0)
5. checking no_input_delay (0)
6. checking no_output_delay (0)
7. checking multiple_clock (0)
8. checking generated_clocks (0)
9. checking loops (0)
10. checking partial_input_delay (0)
11. checking partial_output_delay (0)
12. checking latch_loops (0)

1. checking no_clock (0)
------------------------
 There are 0 register/latch pins with no clock.


2. checking constant_clock (0)
------------------------------
 There are 0 register/latch pins with constant_clock.


3. checking pulse_width_clock (0)
---------------------------------
 There are 0 register/latch pins which need pulse_width check


4. checking unconstrained_internal_endpoints (0)
------------------------------------------------
 There are 0 pins that are not constrained for maximum delay.

 There are 0 pins that are not constrained for maximum delay due to constant clock.


5. checking no_input_delay (0)
------------------------------
 There are 0 input ports with no input delay specified.

 There are 0 input ports with no input delay but user has a false path constraint.


6. checking no_output_delay (0)
-------------------------------
 There are 0 ports with no output delay specified.

 There are 0 ports with no output delay but user has a false path constraint

 There are 0 ports with no output delay but with a timing clock defined on it or propagating through it


7. checking multiple_clock (0)
------------------------------
 There are 0 register/latch pins with multiple clocks.


8. checking generated_clocks (0)
--------------------------------
 There are 0 generated clocks that are not connected to a clock source.


9. checking loops (0)
---------------------
 There are 0 combinational loops in the design.


10. checking partial_input_delay (0)
------------------------------------
 There are 0 input ports with partial input delay specified.


11. checking partial_output_delay (0)
-------------------------------------
 There are 0 ports with partial output delay specified.


12. checking latch_loops (0)
----------------------------
 There are 0 combinational latch loops in the design through latch input



------------------------------------------------------------------------------------------------
| Design Timing Summary
| ---------------------
------------------------------------------------------------------------------------------------

    WNS(ns)      TNS(ns)  TNS Failing Endpoints  TNS Total Endpoints      WHS(ns)      THS(ns)  THS Failing Endpoints  THS Total Endpoints     WPWS(ns)     TPWS(ns)  TPWS Failing Endpoints  TPWS Total Endpoints  
    -------      -------  ---------------------  -------------------      -------      -------  ---------------------  -------------------     --------     --------  ----------------------  --------------------  
      3.983        0.000                      0                 7160        0.077        0.000                      0                 7160        3.458        0.000                       0                  1183  


All user specified timing constraints are met.


------------------------------------------------------------------------------------------------
| Clock Summary
| -------------
------------------------------------------------------------------------------------------------

Clock    Waveform(ns)         Period(ns)      Frequency(MHz)
-----    ------------         ----------      --------------
sys_clk  {0.000 4.000}        8.000           125.000         


------------------------------------------------------------------------------------------------
| Intra Clock Table
| -----------------
------------------------------------------------------------------------------------------------

Clock             WNS(ns)      TNS(ns)  TNS Failing Endpoints  TNS Total Endpoints      WHS(ns)      THS(ns)  THS Failing Endpoints  THS Total Endpoints     WPWS(ns)     TPWS(ns)  TPWS Failing Endpoints  TPWS Total Endpoints  
-----             -------      -------  ---------------------  -------------------      -------      -------  ---------------------  -------------------     --------     --------  ----------------------  --------------------  
sys_clk             3.983        0.000                      0                 7160        0.077        0.000                      0                 7160        3.458        0.000                       0                  1183  


------------------------------------------------------------------------------------------------
| Inter Clock Table
| -----------------
------------------------------------------------------------------------------------------------

From Clock    To Clock          WNS(ns)      TNS(ns)  TNS Failing Endpoints  TNS Total Endpoints      WHS(ns)      THS(ns)  THS Failing Endpoints  THS Total Endpoints  
----------    --------          -------      -------  ---------------------  -------------------      -------      -------  ---------------------  -------------------  


------------------------------------------------------------------------------------------------
| Other Path Groups Table
| -----------------------
------------------------------------------------------------------------------------------------

Path Group    From Clock    To Clock          WNS(ns)      TNS(ns)  TNS Failing Endpoints  TNS Total Endpoints      WHS(ns)      THS(ns)  THS Failing Endpoints  THS Total Endpoints  
----------    ----------    --------          -------      -------  ---------------------  -------------------      -------      -------  ---------------------  -------------------  


------------------------------------------------------------------------------------------------
| Timing Details
| --------------
------------------------------------------------------------------------------------------------


---------------------------------------------------------------------------------------------------
From Clock:  sys_clk
  To Clock:  sys_clk

Setup :            0  Failing Endpoints,  Worst Slack        3.983ns,  Total Violation        0.000ns
Hold  :            0  Failing Endpoints,  Worst Slack        0.077ns,  Total Violation        0.000ns
PW    :            0  Failing Endpoints,  Worst Slack        3.458ns,  Total Violation        0.000ns
---------------------------------------------------------------------------------------------------


Max Delay Paths
--------------------------------------------------------------------------------------
Slack (MET) :             3.983ns  (required time - arrival time)
  Source:                 soc/ram/mem_reg_0_bram_16/CLKBWRCLK
                            (rising edge-triggered cell RAMB36E2 clocked by sys_clk  {rise@0.000ns fall@4.000ns period=8.000ns})
  Destination:            soc/cpu/instr_auipc_reg/D
                            (rising edge-triggered cell FDRE clocked by sys_clk  {rise@0.000ns fall@4.000ns period=8.000ns})
  Path Group:             sys_clk
  Path Type:              Setup (Max at Slow Process Corner)
  Requirement:            8.000ns  (sys_clk rise@8.000ns - sys_clk rise@0.000ns)
  Data Path Delay:        3.951ns  (logic 2.885ns (73.019%)  route 1.066ns (26.981%))
  Logic Levels:           11  (LUT3=1 LUT6=3 RAMB36E2=7)
  Clock Path Skew:        -0.056ns (DCD - SCD + CPR)
    Destination Clock Delay (DCD):    0.020ns = ( 8.020 - 8.000 ) 
    Source Clock Delay      (SCD):    0.076ns
    Clock Pessimism Removal (CPR):    0.000ns
  Clock Uncertainty:      0.035ns  ((TSJ^2 + TIJ^2)^1/2 + DJ) / 2 + PE
    Total System Jitter     (TSJ):    0.071ns
    Total Input Jitter      (TIJ):    0.000ns
    Discrete Jitter          (DJ):    0.000ns
    Phase Error              (PE):    0.000ns

    Location             Delay type                Incr(ns)  Path(ns)    Netlist Resource(s)
  -------------------------------------------------------------------    -------------------
                         (clock sys_clk rise edge)    0.000     0.000 r  
                                                      0.000     0.000 r  clk (IN)
                         net (fo=1182, unset)         0.076     0.076    soc/ram/clk
                         RAMB36E2                                     r  soc/ram/mem_reg_0_bram_16/CLKBWRCLK
  -------------------------------------------------------------------    -------------------
                         RAMB36E2 (Prop_RAMB36E2_CLKBWRCLK_CASDOUTB[6])
                                                      1.068     1.144 f  soc/ram/mem_reg_0_bram_16/CASDOUTB[6]
                         net (fo=1, unplaced)         0.027     1.171    soc/ram/mem_reg_0_bram_16_n_61
                         RAMB36E2 (Prop_RAMB36E2_CASDINB[6]_CASDOUTB[6])
                                                      0.210     1.381 f  soc/ram/mem_reg_0_bram_17/CASDOUTB[6]
                         net (fo=1, unplaced)         0.027     1.408    soc/ram/mem_reg_0_bram_17_n_61
                         RAMB36E2 (Prop_RAMB36E2_CASDINB[6]_CASDOUTB[6])
                                                      0.210     1.618 f  soc/ram/mem_reg_0_bram_18/CASDOUTB[6]
                         net (fo=1, unplaced)         0.027     1.645    soc/ram/mem_reg_0_bram_18_n_61
                         RAMB36E2 (Prop_RAMB36E2_CASDINB[6]_CASDOUTB[6])
                                                      0.210     1.855 f  soc/ram/mem_reg_0_bram_19/CASDOUTB[6]
                         net (fo=1, unplaced)         0.027     1.882    soc/ram/mem_reg_0_bram_19_n_61
                         RAMB36E2 (Prop_RAMB36E2_CASDINB[6]_CASDOUTB[6])
                                                      0.210     2.092 f  soc/ram/mem_reg_0_bram_20/CASDOUTB[6]
                         net (fo=1, unplaced)         0.027     2.119    soc/ram/mem_reg_0_bram_20_n_61
                         RAMB36E2 (Prop_RAMB36E2_CASDINB[6]_CASDOUTB[6])
                                                      0.210     2.329 f  soc/ram/mem_reg_0_bram_21/CASDOUTB[6]
                         net (fo=1, unplaced)         0.027     2.356    soc/ram/mem_reg_0_bram_21_n_61
                         RAMB36E2 (Prop_RAMB36E2_CASDINB[6]_CASDOUTB[6])
                                                      0.210     2.566 f  soc/ram/mem_reg_0_bram_22/CASDOUTB[6]
                         net (fo=1, unplaced)         0.027     2.593    soc/ram/mem_reg_0_bram_22_n_61
                         RAMB36E2 (Prop_RAMB36E2_CASDINB[6]_DOUTBDOUT[6])
                                                      0.117     2.710 f  soc/ram/mem_reg_0_bram_23/DOUTBDOUT[6]
                         net (fo=1, unplaced)         0.239     2.949    soc/ram/mem_reg_0_bram_23_n_125
                         LUT6 (Prop_LUT6_I1_O)        0.124     3.073 f  soc/ram/mem_rdata_q[6]_i_3/O
                         net (fo=1, unplaced)         0.180     3.253    soc/cpu/rdata[6]
                         LUT6 (Prop_LUT6_I3_O)        0.098     3.351 f  soc/cpu/mem_rdata_q[6]_i_2/O
                         net (fo=4, unplaced)         0.238     3.589    soc/cpu/mem_rdata_q[6]_i_2_n_0
                         LUT3 (Prop_LUT3_I2_O)        0.069     3.658 f  soc/cpu/mem_rdata_q[6]_i_1/O
                         net (fo=8, unplaced)         0.172     3.830    soc/cpu/mem_rdata_q[6]_i_1_n_0
                         LUT6 (Prop_LUT6_I0_O)        0.149     3.979 r  soc/cpu/instr_auipc_i_1/O
                         net (fo=1, unplaced)         0.048     4.027    soc/cpu/instr_auipc_i_1_n_0
                         FDRE                                         r  soc/cpu/instr_auipc_reg/D
  -------------------------------------------------------------------    -------------------

                         (clock sys_clk rise edge)    8.000     8.000 r  
                                                      0.000     8.000 r  clk (IN)
                         net (fo=1182, unset)         0.020     8.020    soc/cpu/clk
                         FDRE                                         r  soc/cpu/instr_auipc_reg/C
                         clock pessimism              0.000     8.020    
                         clock uncertainty           -0.035     7.985    
                         FDRE (Setup_FDRE_C_D)        0.025     8.010    soc/cpu/instr_auipc_reg
  -------------------------------------------------------------------
                         required time                          8.010    
                         arrival time                          -4.027    
  -------------------------------------------------------------------
                         slack                                  3.983    





Min Delay Paths
--------------------------------------------------------------------------------------
Slack (MET) :             0.077ns  (arrival time - required time)
  Source:                 soc/cpu/latched_rd_reg[3]/C
                            (rising edge-triggered cell FDRE clocked by sys_clk  {rise@0.000ns fall@4.000ns period=8.000ns})
  Destination:            soc/cpu/cpuregs_reg_r1_0_31_0_13/RAMA/WADR3
                            (rising edge-triggered cell RAMD32 clocked by sys_clk  {rise@0.000ns fall@4.000ns period=8.000ns})
  Path Group:             sys_clk
  Path Type:              Hold (Min at Fast Process Corner)
  Requirement:            0.000ns  (sys_clk rise@0.000ns - sys_clk rise@0.000ns)
  Data Path Delay:        0.127ns  (logic 0.039ns (30.709%)  route 0.088ns (69.291%))
  Logic Levels:           0  
  Clock Path Skew:        -0.012ns (DCD - SCD - CPR)
    Destination Clock Delay (DCD):    0.000ns
    Source Clock Delay      (SCD):    0.012ns
    Clock Pessimism Removal (CPR):    -0.000ns

    Location             Delay type                Incr(ns)  Path(ns)    Netlist Resource(s)
  -------------------------------------------------------------------    -------------------
                         (clock sys_clk rise edge)    0.000     0.000 r  
                                                      0.000     0.000 r  clk (IN)
                         net (fo=1182, unset)         0.012     0.012    soc/cpu/clk
                         FDRE                                         r  soc/cpu/latched_rd_reg[3]/C
  -------------------------------------------------------------------    -------------------
                         FDRE (Prop_FDRE_C_Q)         0.039     0.051 r  soc/cpu/latched_rd_reg[3]/Q
                         net (fo=81, unplaced)        0.088     0.139    soc/cpu/cpuregs_reg_r1_0_31_0_13/ADDRH3
                         RAMD32                                       r  soc/cpu/cpuregs_reg_r1_0_31_0_13/RAMA/WADR3
  -------------------------------------------------------------------    -------------------

                         (clock sys_clk rise edge)    0.000     0.000 r  
                                                      0.000     0.000 r  clk (IN)
                         net (fo=1182, unset)         0.000     0.000    soc/cpu/cpuregs_reg_r1_0_31_0_13/WCLK
                         RAMD32                                       r  soc/cpu/cpuregs_reg_r1_0_31_0_13/RAMA/CLK
                         clock pessimism              0.000     0.000    
                         RAMD32 (Hold_RAMD32_CLK_WADR3)
                                                      0.062     0.062    soc/cpu/cpuregs_reg_r1_0_31_0_13/RAMA
  -------------------------------------------------------------------
                         required time                         -0.062    
                         arrival time                           0.139    
  -------------------------------------------------------------------
                         slack                                  0.077    





Pulse Width Checks
--------------------------------------------------------------------------------------
Clock Name:         sys_clk
Waveform(ns):       { 0.000 4.000 }
Period(ns):         8.000
Sources:            { clk }

Check Type        Corner  Lib Pin             Reference Pin  Required(ns)  Actual(ns)  Slack(ns)  Location  Pin
Min Period        n/a     RAMB36E2/CLKARDCLK  n/a            1.569         8.000       6.431                soc/ram/mem_reg_0_bram_0/CLKARDCLK
Low Pulse Width   Slow    RAMB36E2/CLKARDCLK  n/a            0.542         4.000       3.458                soc/ram/mem_reg_0_bram_0/CLKARDCLK
High Pulse Width  Slow    RAMB36E2/CLKARDCLK  n/a            0.542         4.000       3.458                soc/ram/mem_reg_0_bram_0/CLKARDCLK



