Copyright 1986-2022 Xilinx, Inc. All Rights Reserved.
-------------------------------------------------------------------------------------------------------------------------
| Tool Version      : Vivado v.2022.2 (lin64) Build 3671981 Fri Oct 14 04:59:54 MDT 2022
| Date              : Sat Sep 12 13:50:02 2026
| Host              : x-System-Product-Name running 64-bit Ubuntu 20.04.6 LTS
| Command           : report_timing_summary -delay_type min_max -max_paths 10 -file reports/vivado/xpix_route_timing.rpt
| Design            : zcu102_top
| Device            : xczu9eg-ffvb1156
| Speed File        : -2  PRODUCTION 1.30 05-15-2022
| Temperature Grade : E
-------------------------------------------------------------------------------------------------------------------------

Timing Summary Report

------------------------------------------------------------------------------------------------
| Timer Settings
| --------------
------------------------------------------------------------------------------------------------

  Enable Multi Corner Analysis               :  Yes
  Enable Pessimism Removal                   :  Yes
  Pessimism Removal Resolution               :  Nearest Common Node
  Enable Input Delay Default Clock           :  No
  Enable Preset / Clear Arcs                 :  No
  Disable Flight Delays                      :  No
  Ignore I/O Paths                           :  No
  Timing Early Launch at Borrowing Latches   :  No
  Borrow Time for Max Delay Exceptions       :  Yes
  Merge Timing Exceptions                    :  Yes

  Corner  Analyze    Analyze    
  Name    Max Paths  Min Paths  
  ------  ---------  ---------  
  Slow    Yes        Yes        
  Fast    Yes        Yes        


------------------------------------------------------------------------------------------------
| Report Methodology
| ------------------
------------------------------------------------------------------------------------------------

No report available as report_methodology has not been run prior. Run report_methodology on the current design for the summary of methodology violations.



check_timing report

Table of Contents
-----------------
1. checking no_clock (0)
2. checking constant_clock (0)
3. checking pulse_width_clock (0)
4. checking unconstrained_internal_endpoints (0)
5. checking no_input_delay (0)
6. checking no_output_delay (0)
7. checking multiple_clock (0)
8. checking generated_clocks (0)
9. checking loops (0)
10. checking partial_input_delay (0)
11. checking partial_output_delay (0)
12. checking latch_loops (0)

1. checking no_clock (0)
------------------------
 There are 0 register/latch pins with no clock.


2. checking constant_clock (0)
------------------------------
 There are 0 register/latch pins with constant_clock.


3. checking pulse_width_clock (0)
---------------------------------
 There are 0 register/latch pins which need pulse_width check


4. checking unconstrained_internal_endpoints (0)
------------------------------------------------
 There are 0 pins that are not constrained for maximum delay.

 There are 0 pins that are not constrained for maximum delay due to constant clock.


5. checking no_input_delay (0)
------------------------------
 There are 0 input ports with no input delay specified.

 There are 0 input ports with no input delay but user has a false path constraint.


6. checking no_output_delay (0)
-------------------------------
 There are 0 ports with no output delay specified.

 There are 0 ports with no output delay but user has a false path constraint

 There are 0 ports with no output delay but with a timing clock defined on it or propagating through it


7. checking multiple_clock (0)
------------------------------
 There are 0 register/latch pins with multiple clocks.


8. checking generated_clocks (0)
--------------------------------
 There are 0 generated clocks that are not connected to a clock source.


9. checking loops (0)
---------------------
 There are 0 combinational loops in the design.


10. checking partial_input_delay (0)
------------------------------------
 There are 0 input ports with partial input delay specified.


11. checking partial_output_delay (0)
-------------------------------------
 There are 0 ports with partial output delay specified.


12. checking latch_loops (0)
----------------------------
 There are 0 combinational latch loops in the design through latch input



------------------------------------------------------------------------------------------------
| Design Timing Summary
| ---------------------
------------------------------------------------------------------------------------------------

    WNS(ns)      TNS(ns)  TNS Failing Endpoints  TNS Total Endpoints      WHS(ns)      THS(ns)  THS Failing Endpoints  THS Total Endpoints     WPWS(ns)     TPWS(ns)  TPWS Failing Endpoints  TPWS Total Endpoints  
    -------      -------  ---------------------  -------------------      -------      -------  ---------------------  -------------------     --------     --------  ----------------------  --------------------  
      2.499        0.000                      0                 7515        0.044        0.000                      0                 7515        3.458        0.000                       0                  1305  


All user specified timing constraints are met.


------------------------------------------------------------------------------------------------
| Clock Summary
| -------------
------------------------------------------------------------------------------------------------

Clock    Waveform(ns)         Period(ns)      Frequency(MHz)
-----    ------------         ----------      --------------
sys_clk  {0.000 4.000}        8.000           125.000         


------------------------------------------------------------------------------------------------
| Intra Clock Table
| -----------------
------------------------------------------------------------------------------------------------

Clock             WNS(ns)      TNS(ns)  TNS Failing Endpoints  TNS Total Endpoints      WHS(ns)      THS(ns)  THS Failing Endpoints  THS Total Endpoints     WPWS(ns)     TPWS(ns)  TPWS Failing Endpoints  TPWS Total Endpoints  
-----             -------      -------  ---------------------  -------------------      -------      -------  ---------------------  -------------------     --------     --------  ----------------------  --------------------  
sys_clk             2.499        0.000                      0                 7515        0.044        0.000                      0                 7515        3.458        0.000                       0                  1305  


------------------------------------------------------------------------------------------------
| Inter Clock Table
| -----------------
------------------------------------------------------------------------------------------------

From Clock    To Clock          WNS(ns)      TNS(ns)  TNS Failing Endpoints  TNS Total Endpoints      WHS(ns)      THS(ns)  THS Failing Endpoints  THS Total Endpoints  
----------    --------          -------      -------  ---------------------  -------------------      -------      -------  ---------------------  -------------------  


------------------------------------------------------------------------------------------------
| Other Path Groups Table
| -----------------------
------------------------------------------------------------------------------------------------

Path Group    From Clock    To Clock          WNS(ns)      TNS(ns)  TNS Failing Endpoints  TNS Total Endpoints      WHS(ns)      THS(ns)  THS Failing Endpoints  THS Total Endpoints  
----------    ----------    --------          -------      -------  ---------------------  -------------------      -------      -------  ---------------------  -------------------  


------------------------------------------------------------------------------------------------
| Timing Details
| --------------
------------------------------------------------------------------------------------------------


---------------------------------------------------------------------------------------------------
From Clock:  sys_clk
  To Clock:  sys_clk

Setup :            0  Failing Endpoints,  Worst Slack        2.499ns,  Total Violation        0.000ns
Hold  :            0  Failing Endpoints,  Worst Slack        0.044ns,  Total Violation        0.000ns
PW    :            0  Failing Endpoints,  Worst Slack        3.458ns,  Total Violation        0.000ns
---------------------------------------------------------------------------------------------------


Max Delay Paths
--------------------------------------------------------------------------------------
Slack (MET) :             2.499ns  (required time - arrival time)
  Source:                 soc/ram/mem_reg_3_bram_24/CLKBWRCLK
                            (rising edge-triggered cell RAMB36E2 clocked by sys_clk  {rise@0.000ns fall@4.000ns period=8.000ns})
  Destination:            soc/cpu/reg_out_reg[18]/D
                            (rising edge-triggered cell FDRE clocked by sys_clk  {rise@0.000ns fall@4.000ns period=8.000ns})
  Path Group:             sys_clk
  Path Type:              Setup (Max at Slow Process Corner)
  Requirement:            8.000ns  (sys_clk rise@8.000ns - sys_clk rise@0.000ns)
  Data Path Delay:        5.435ns  (logic 2.873ns (52.858%)  route 2.562ns (47.142%))
  Logic Levels:           11  (LUT6=4 RAMB36E2=7)
  Clock Path Skew:        -0.055ns (DCD - SCD + CPR)
    Destination Clock Delay (DCD):    0.021ns = ( 8.021 - 8.000 ) 
    Source Clock Delay      (SCD):    0.076ns
    Clock Pessimism Removal (CPR):    0.000ns
  Clock Uncertainty:      0.035ns  ((TSJ^2 + TIJ^2)^1/2 + DJ) / 2 + PE
    Total System Jitter     (TSJ):    0.071ns
    Total Input Jitter      (TIJ):    0.000ns
    Discrete Jitter          (DJ):    0.000ns
    Phase Error              (PE):    0.000ns

    Location             Delay type                Incr(ns)  Path(ns)    Netlist Resource(s)
  -------------------------------------------------------------------    -------------------
                         (clock sys_clk rise edge)    0.000     0.000 r  
                                                      0.000     0.000 r  clk (IN)
                         net (fo=1304, unset)         0.076     0.076    soc/ram/clk
    RAMB36_X9Y72         RAMB36E2                                     r  soc/ram/mem_reg_3_bram_24/CLKBWRCLK
  -------------------------------------------------------------------    -------------------
    RAMB36_X9Y72         RAMB36E2 (Prop_RAMB36E2_RAMB36_CLKBWRCLK_CASDOUTB[7])
                                                      1.070     1.146 r  soc/ram/mem_reg_3_bram_24/CASDOUTB[7]
                         net (fo=1, routed)           0.028     1.174    soc/ram/mem_reg_3_bram_24_n_60
    RAMB36_X9Y73         RAMB36E2 (Prop_RAMB36E2_RAMB36_CASDINB[7]_CASDOUTB[7])
                                                      0.210     1.384 r  soc/ram/mem_reg_3_bram_25/CASDOUTB[7]
                         net (fo=1, routed)           0.028     1.412    soc/ram/mem_reg_3_bram_25_n_60
    RAMB36_X9Y74         RAMB36E2 (Prop_RAMB36E2_RAMB36_CASDINB[7]_CASDOUTB[7])
                                                      0.210     1.622 r  soc/ram/mem_reg_3_bram_26/CASDOUTB[7]
                         net (fo=1, routed)           0.028     1.650    soc/ram/mem_reg_3_bram_26_n_60
    RAMB36_X9Y75         RAMB36E2 (Prop_RAMB36E2_RAMB36_CASDINB[7]_CASDOUTB[7])
                                                      0.210     1.860 r  soc/ram/mem_reg_3_bram_27/CASDOUTB[7]
                         net (fo=1, routed)           0.028     1.888    soc/ram/mem_reg_3_bram_27_n_60
    RAMB36_X9Y76         RAMB36E2 (Prop_RAMB36E2_RAMB36_CASDINB[7]_CASDOUTB[7])
                                                      0.210     2.098 r  soc/ram/mem_reg_3_bram_28/CASDOUTB[7]
                         net (fo=1, routed)           0.028     2.126    soc/ram/mem_reg_3_bram_28_n_60
    RAMB36_X9Y77         RAMB36E2 (Prop_RAMB36E2_RAMB36_CASDINB[7]_CASDOUTB[7])
                                                      0.210     2.336 r  soc/ram/mem_reg_3_bram_29/CASDOUTB[7]
                         net (fo=1, routed)           0.028     2.364    soc/ram/mem_reg_3_bram_29_n_60
    RAMB36_X9Y78         RAMB36E2 (Prop_RAMB36E2_RAMB36_CASDINB[7]_CASDOUTB[7])
                                                      0.210     2.574 r  soc/ram/mem_reg_3_bram_30/CASDOUTB[7]
                         net (fo=1, routed)           0.028     2.602    soc/ram/mem_reg_3_bram_30_n_60
    RAMB36_X9Y79         RAMB36E2 (Prop_RAMB36E2_RAMB36_CASDINB[7]_DOUTBDOUT[7])
                                                      0.117     2.719 r  soc/ram/mem_reg_3_bram_31/DOUTBDOUT[7]
                         net (fo=1, routed)           0.520     3.239    soc/ram/mem_reg_3_bram_31_n_124
    SLICE_X60Y391        LUT6 (Prop_G6LUT_SLICEL_I0_O)
                                                      0.123     3.362 r  soc/ram/mem_rdata_q[31]_i_4/O
                         net (fo=1, routed)           0.615     3.977    soc/cpu/ram_data[31]
    SLICE_X44Y374        LUT6 (Prop_G6LUT_SLICEM_I3_O)
                                                      0.123     4.100 r  soc/cpu/mem_rdata_q[31]_i_2/O
                         net (fo=6, routed)           0.703     4.803    soc/cpu/mem_rdata_q[31]_i_2_n_0
    SLICE_X38Y335        LUT6 (Prop_G6LUT_SLICEL_I2_O)
                                                      0.035     4.838 r  soc/cpu/reg_out[31]_i_3/O
                         net (fo=16, routed)          0.456     5.294    soc/cpu/reg_out[31]_i_3_n_0
    SLICE_X40Y329        LUT6 (Prop_D6LUT_SLICEM_I0_O)
                                                      0.145     5.439 r  soc/cpu/reg_out[18]_i_1/O
                         net (fo=1, routed)           0.072     5.511    soc/cpu/reg_out[18]
    SLICE_X40Y329        FDRE                                         r  soc/cpu/reg_out_reg[18]/D
  -------------------------------------------------------------------    -------------------

                         (clock sys_clk rise edge)    8.000     8.000 r  
                                                      0.000     8.000 r  clk (IN)
                         net (fo=1304, unset)         0.021     8.021    soc/cpu/clk
    SLICE_X40Y329        FDRE                                         r  soc/cpu/reg_out_reg[18]/C
                         clock pessimism              0.000     8.021    
                         clock uncertainty           -0.035     7.986    
    SLICE_X40Y329        FDRE (Setup_DFF_SLICEM_C_D)
                                                      0.025     8.011    soc/cpu/reg_out_reg[18]
  -------------------------------------------------------------------
                         required time                          8.011    
                         arrival time                          -5.511    
  -------------------------------------------------------------------
                         slack                                  2.499    

Slack (MET) :             2.542ns  (required time - arrival time)
  Source:                 soc/cpu/mem_addr_reg[18]/C
                            (rising edge-triggered cell FDRE clocked by sys_clk  {rise@0.000ns fall@4.000ns period=8.000ns})
  Destination:            soc/ram/mem_reg_3_bram_19/ENARDEN
                            (rising edge-triggered cell RAMB36E2 clocked by sys_clk  {rise@0.000ns fall@4.000ns period=8.000ns})
  Path Group:             sys_clk
  Path Type:              Setup (Max at Slow Process Corner)
  Requirement:            8.000ns  (sys_clk rise@8.000ns - sys_clk rise@0.000ns)
  Data Path Delay:        5.092ns  (logic 0.281ns (5.518%)  route 4.811ns (94.482%))
  Logic Levels:           2  (LUT2=1 LUT6=1)
  Clock Path Skew:        0.011ns (DCD - SCD + CPR)
    Destination Clock Delay (DCD):    0.039ns = ( 8.039 - 8.000 ) 
    Source Clock Delay      (SCD):    0.028ns
    Clock Pessimism Removal (CPR):    0.000ns
  Clock Uncertainty:      0.035ns  ((TSJ^2 + TIJ^2)^1/2 + DJ) / 2 + PE
    Total System Jitter     (TSJ):    0.071ns
    Total Input Jitter      (TIJ):    0.000ns
    Discrete Jitter          (DJ):    0.000ns
    Phase Error              (PE):    0.000ns

    Location             Delay type                Incr(ns)  Path(ns)    Netlist Resource(s)
  -------------------------------------------------------------------    -------------------
                         (clock sys_clk rise edge)    0.000     0.000 r  
                                                      0.000     0.000 r  clk (IN)
                         net (fo=1304, unset)         0.028     0.028    soc/cpu/clk
    SLICE_X33Y328        FDRE                                         r  soc/cpu/mem_addr_reg[18]/C
  -------------------------------------------------------------------    -------------------
    SLICE_X33Y328        FDRE (Prop_DFF2_SLICEL_C_Q)
                                                      0.081     0.109 r  soc/cpu/mem_addr_reg[18]/Q
                         net (fo=163, routed)         4.464     4.573    soc/cpu/mem_addr_reg[18]_0[11]
    SLICE_X60Y377        LUT6 (Prop_H6LUT_SLICEL_I3_O)
                                                      0.150     4.723 r  soc/cpu/mem_reg_3_bram_19_i_1/O
                         net (fo=5, routed)           0.042     4.765    soc/ram/mem_reg_3_bram_19_1[0]
    SLICE_X60Y377        LUT2 (Prop_G6LUT_SLICEL_I0_O)
                                                      0.050     4.815 r  soc/ram/mem_reg_3_bram_19_ENARDEN_cooolgate_en_gate_215/O
                         net (fo=1, routed)           0.305     5.120    soc/ram/mem_reg_3_bram_19_ENARDEN_cooolgate_en_sig_108
    RAMB36_X7Y75         RAMB36E2                                     r  soc/ram/mem_reg_3_bram_19/ENARDEN
  -------------------------------------------------------------------    -------------------

                         (clock sys_clk rise edge)    8.000     8.000 r  
                                                      0.000     8.000 r  clk (IN)
                         net (fo=1304, unset)         0.039     8.039    soc/ram/clk
    RAMB36_X7Y75         RAMB36E2                                     r  soc/ram/mem_reg_3_bram_19/CLKARDCLK
                         clock pessimism              0.000     8.039    
                         clock uncertainty           -0.035     8.004    
    RAMB36_X7Y75         RAMB36E2 (Setup_RAMB36E2_RAMB36_CLKARDCLK_ENARDEN)
                                                     -0.342     7.662    soc/ram/mem_reg_3_bram_19
  -------------------------------------------------------------------
                         required time                          7.662    
                         arrival time                          -5.120    
  -------------------------------------------------------------------
                         slack                                  2.542    

Slack (MET) :             2.571ns  (required time - arrival time)
  Source:                 soc/ram/mem_reg_3_bram_24/CLKBWRCLK
                            (rising edge-triggered cell RAMB36E2 clocked by sys_clk  {rise@0.000ns fall@4.000ns period=8.000ns})
  Destination:            soc/cpu/reg_out_reg[19]/D
                            (rising edge-triggered cell FDSE clocked by sys_clk  {rise@0.000ns fall@4.000ns period=8.000ns})
  Path Group:             sys_clk
  Path Type:              Setup (Max at Slow Process Corner)
  Requirement:            8.000ns  (sys_clk rise@8.000ns - sys_clk rise@0.000ns)
  Data Path Delay:        5.363ns  (logic 2.865ns (53.420%)  route 2.498ns (46.580%))
  Logic Levels:           12  (LUT6=4 MUXF7=1 RAMB36E2=7)
  Clock Path Skew:        -0.055ns (DCD - SCD + CPR)
    Destination Clock Delay (DCD):    0.021ns = ( 8.021 - 8.000 ) 
    Source Clock Delay      (SCD):    0.076ns
    Clock Pessimism Removal (CPR):    0.000ns
  Clock Uncertainty:      0.035ns  ((TSJ^2 + TIJ^2)^1/2 + DJ) / 2 + PE
    Total System Jitter     (TSJ):    0.071ns
    Total Input Jitter      (TIJ):    0.000ns
    Discrete Jitter          (DJ):    0.000ns
    Phase Error              (PE):    0.000ns

    Location             Delay type                Incr(ns)  Path(ns)    Netlist Resource(s)
  -------------------------------------------------------------------    -------------------
                         (clock sys_clk rise edge)    0.000     0.000 r  
                                                      0.000     0.000 r  clk (IN)
                         net (fo=1304, unset)         0.076     0.076    soc/ram/clk
    RAMB36_X9Y72         RAMB36E2                                     r  soc/ram/mem_reg_3_bram_24/CLKBWRCLK
  -------------------------------------------------------------------    -------------------
    RAMB36_X9Y72         RAMB36E2 (Prop_RAMB36E2_RAMB36_CLKBWRCLK_CASDOUTB[7])
                                                      1.070     1.146 r  soc/ram/mem_reg_3_bram_24/CASDOUTB[7]
                         net (fo=1, routed)           0.028     1.174    soc/ram/mem_reg_3_bram_24_n_60
    RAMB36_X9Y73         RAMB36E2 (Prop_RAMB36E2_RAMB36_CASDINB[7]_CASDOUTB[7])
                                                      0.210     1.384 r  soc/ram/mem_reg_3_bram_25/CASDOUTB[7]
                         net (fo=1, routed)           0.028     1.412    soc/ram/mem_reg_3_bram_25_n_60
    RAMB36_X9Y74         RAMB36E2 (Prop_RAMB36E2_RAMB36_CASDINB[7]_CASDOUTB[7])
                                                      0.210     1.622 r  soc/ram/mem_reg_3_bram_26/CASDOUTB[7]
                         net (fo=1, routed)           0.028     1.650    soc/ram/mem_reg_3_bram_26_n_60
    RAMB36_X9Y75         RAMB36E2 (Prop_RAMB36E2_RAMB36_CASDINB[7]_CASDOUTB[7])
                                                      0.210     1.860 r  soc/ram/mem_reg_3_bram_27/CASDOUTB[7]
                         net (fo=1, routed)           0.028     1.888    soc/ram/mem_reg_3_bram_27_n_60
    RAMB36_X9Y76         RAMB36E2 (Prop_RAMB36E2_RAMB36_CASDINB[7]_CASDOUTB[7])
                                                      0.210     2.098 r  soc/ram/mem_reg_3_bram_28/CASDOUTB[7]
                         net (fo=1, routed)           0.028     2.126    soc/ram/mem_reg_3_bram_28_n_60
    RAMB36_X9Y77         RAMB36E2 (Prop_RAMB36E2_RAMB36_CASDINB[7]_CASDOUTB[7])
                                                      0.210     2.336 r  soc/ram/mem_reg_3_bram_29/CASDOUTB[7]
                         net (fo=1, routed)           0.028     2.364    soc/ram/mem_reg_3_bram_29_n_60
    RAMB36_X9Y78         RAMB36E2 (Prop_RAMB36E2_RAMB36_CASDINB[7]_CASDOUTB[7])
                                                      0.210     2.574 r  soc/ram/mem_reg_3_bram_30/CASDOUTB[7]
                         net (fo=1, routed)           0.028     2.602    soc/ram/mem_reg_3_bram_30_n_60
    RAMB36_X9Y79         RAMB36E2 (Prop_RAMB36E2_RAMB36_CASDINB[7]_DOUTBDOUT[7])
                                                      0.117     2.719 r  soc/ram/mem_reg_3_bram_31/DOUTBDOUT[7]
                         net (fo=1, routed)           0.520     3.239    soc/ram/mem_reg_3_bram_31_n_124
    SLICE_X60Y391        LUT6 (Prop_G6LUT_SLICEL_I0_O)
                                                      0.123     3.362 r  soc/ram/mem_rdata_q[31]_i_4/O
                         net (fo=1, routed)           0.615     3.977    soc/cpu/ram_data[31]
    SLICE_X44Y374        LUT6 (Prop_G6LUT_SLICEM_I3_O)
                                                      0.123     4.100 r  soc/cpu/mem_rdata_q[31]_i_2/O
                         net (fo=6, routed)           0.628     4.728    soc/cpu/mem_rdata_q[31]_i_2_n_0
    SLICE_X37Y335        LUT6 (Prop_G6LUT_SLICEM_I0_O)
                                                      0.052     4.780 f  soc/cpu/reg_out[31]_i_7/O
                         net (fo=1, routed)           0.017     4.797    soc/cpu/reg_out[31]_i_7_n_0
    SLICE_X37Y335        MUXF7 (Prop_F7MUX_GH_SLICEM_I1_O)
                                                      0.067     4.864 f  soc/cpu/reg_out_reg[31]_i_2/O
                         net (fo=25, routed)          0.464     5.328    soc/cpu/reg_out_reg[31]_i_2_n_0
    SLICE_X40Y329        LUT6 (Prop_H6LUT_SLICEM_I1_O)
                                                      0.053     5.381 r  soc/cpu/reg_out[19]_i_1/O
                         net (fo=1, routed)           0.058     5.439    soc/cpu/reg_out[19]
    SLICE_X40Y329        FDSE                                         r  soc/cpu/reg_out_reg[19]/D
  -------------------------------------------------------------------    -------------------

                         (clock sys_clk rise edge)    8.000     8.000 r  
                                                      0.000     8.000 r  clk (IN)
                         net (fo=1304, unset)         0.021     8.021    soc/cpu/clk
    SLICE_X40Y329        FDSE                                         r  soc/cpu/reg_out_reg[19]/C
                         clock pessimism              0.000     8.021    
                         clock uncertainty           -0.035     7.986    
    SLICE_X40Y329        FDSE (Setup_HFF_SLICEM_C_D)
                                                      0.025     8.011    soc/cpu/reg_out_reg[19]
  -------------------------------------------------------------------
                         required time                          8.011    
                         arrival time                          -5.439    
  -------------------------------------------------------------------
                         slack                                  2.571    

Slack (MET) :             2.587ns  (required time - arrival time)
  Source:                 soc/ram/mem_reg_3_bram_24/CLKBWRCLK
                            (rising edge-triggered cell RAMB36E2 clocked by sys_clk  {rise@0.000ns fall@4.000ns period=8.000ns})
  Destination:            soc/cpu/reg_out_reg[29]/D
                            (rising edge-triggered cell FDRE clocked by sys_clk  {rise@0.000ns fall@4.000ns period=8.000ns})
  Path Group:             sys_clk
  Path Type:              Setup (Max at Slow Process Corner)
  Requirement:            8.000ns  (sys_clk rise@8.000ns - sys_clk rise@0.000ns)
  Data Path Delay:        5.347ns  (logic 2.909ns (54.405%)  route 2.438ns (45.595%))
  Logic Levels:           12  (LUT6=4 MUXF7=1 RAMB36E2=7)
  Clock Path Skew:        -0.056ns (DCD - SCD + CPR)
    Destination Clock Delay (DCD):    0.020ns = ( 8.020 - 8.000 ) 
    Source Clock Delay      (SCD):    0.076ns
    Clock Pessimism Removal (CPR):    0.000ns
  Clock Uncertainty:      0.035ns  ((TSJ^2 + TIJ^2)^1/2 + DJ) / 2 + PE
    Total System Jitter     (TSJ):    0.071ns
    Total Input Jitter      (TIJ):    0.000ns
    Discrete Jitter          (DJ):    0.000ns
    Phase Error              (PE):    0.000ns

    Location             Delay type                Incr(ns)  Path(ns)    Netlist Resource(s)
  -------------------------------------------------------------------    -------------------
                         (clock sys_clk rise edge)    0.000     0.000 r  
                                                      0.000     0.000 r  clk (IN)
                         net (fo=1304, unset)         0.076     0.076    soc/ram/clk
    RAMB36_X9Y72         RAMB36E2                                     r  soc/ram/mem_reg_3_bram_24/CLKBWRCLK
  -------------------------------------------------------------------    -------------------
    RAMB36_X9Y72         RAMB36E2 (Prop_RAMB36E2_RAMB36_CLKBWRCLK_CASDOUTB[7])
                                                      1.070     1.146 r  soc/ram/mem_reg_3_bram_24/CASDOUTB[7]
                         net (fo=1, routed)           0.028     1.174    soc/ram/mem_reg_3_bram_24_n_60
    RAMB36_X9Y73         RAMB36E2 (Prop_RAMB36E2_RAMB36_CASDINB[7]_CASDOUTB[7])
                                                      0.210     1.384 r  soc/ram/mem_reg_3_bram_25/CASDOUTB[7]
                         net (fo=1, routed)           0.028     1.412    soc/ram/mem_reg_3_bram_25_n_60
    RAMB36_X9Y74         RAMB36E2 (Prop_RAMB36E2_RAMB36_CASDINB[7]_CASDOUTB[7])
                                                      0.210     1.622 r  soc/ram/mem_reg_3_bram_26/CASDOUTB[7]
                         net (fo=1, routed)           0.028     1.650    soc/ram/mem_reg_3_bram_26_n_60
    RAMB36_X9Y75         RAMB36E2 (Prop_RAMB36E2_RAMB36_CASDINB[7]_CASDOUTB[7])
                                                      0.210     1.860 r  soc/ram/mem_reg_3_bram_27/CASDOUTB[7]
                         net (fo=1, routed)           0.028     1.888    soc/ram/mem_reg_3_bram_27_n_60
    RAMB36_X9Y76         RAMB36E2 (Prop_RAMB36E2_RAMB36_CASDINB[7]_CASDOUTB[7])
                                                      0.210     2.098 r  soc/ram/mem_reg_3_bram_28/CASDOUTB[7]
                         net (fo=1, routed)           0.028     2.126    soc/ram/mem_reg_3_bram_28_n_60
    RAMB36_X9Y77         RAMB36E2 (Prop_RAMB36E2_RAMB36_CASDINB[7]_CASDOUTB[7])
                                                      0.210     2.336 r  soc/ram/mem_reg_3_bram_29/CASDOUTB[7]
                         net (fo=1, routed)           0.028     2.364    soc/ram/mem_reg_3_bram_29_n_60
    RAMB36_X9Y78         RAMB36E2 (Prop_RAMB36E2_RAMB36_CASDINB[7]_CASDOUTB[7])
                                                      0.210     2.574 r  soc/ram/mem_reg_3_bram_30/CASDOUTB[7]
                         net (fo=1, routed)           0.028     2.602    soc/ram/mem_reg_3_bram_30_n_60
    RAMB36_X9Y79         RAMB36E2 (Prop_RAMB36E2_RAMB36_CASDINB[7]_DOUTBDOUT[7])
                                                      0.117     2.719 r  soc/ram/mem_reg_3_bram_31/DOUTBDOUT[7]
                         net (fo=1, routed)           0.520     3.239    soc/ram/mem_reg_3_bram_31_n_124
    SLICE_X60Y391        LUT6 (Prop_G6LUT_SLICEL_I0_O)
                                                      0.123     3.362 r  soc/ram/mem_rdata_q[31]_i_4/O
                         net (fo=1, routed)           0.615     3.977    soc/cpu/ram_data[31]
    SLICE_X44Y374        LUT6 (Prop_G6LUT_SLICEM_I3_O)
                                                      0.123     4.100 r  soc/cpu/mem_rdata_q[31]_i_2/O
                         net (fo=6, routed)           0.628     4.728    soc/cpu/mem_rdata_q[31]_i_2_n_0
    SLICE_X37Y335        LUT6 (Prop_G6LUT_SLICEM_I0_O)
                                                      0.052     4.780 f  soc/cpu/reg_out[31]_i_7/O
                         net (fo=1, routed)           0.017     4.797    soc/cpu/reg_out[31]_i_7_n_0
    SLICE_X37Y335        MUXF7 (Prop_F7MUX_GH_SLICEM_I1_O)
                                                      0.067     4.864 f  soc/cpu/reg_out_reg[31]_i_2/O
                         net (fo=25, routed)          0.411     5.275    soc/cpu/reg_out_reg[31]_i_2_n_0
    SLICE_X39Y332        LUT6 (Prop_F6LUT_SLICEL_I1_O)
                                                      0.097     5.372 r  soc/cpu/reg_out[29]_i_1/O
                         net (fo=1, routed)           0.051     5.423    soc/cpu/reg_out[29]
    SLICE_X39Y332        FDRE                                         r  soc/cpu/reg_out_reg[29]/D
  -------------------------------------------------------------------    -------------------

                         (clock sys_clk rise edge)    8.000     8.000 r  
                                                      0.000     8.000 r  clk (IN)
                         net (fo=1304, unset)         0.020     8.020    soc/cpu/clk
    SLICE_X39Y332        FDRE                                         r  soc/cpu/reg_out_reg[29]/C
                         clock pessimism              0.000     8.020    
                         clock uncertainty           -0.035     7.985    
    SLICE_X39Y332        FDRE (Setup_FFF_SLICEL_C_D)
                                                      0.025     8.010    soc/cpu/reg_out_reg[29]
  -------------------------------------------------------------------
                         required time                          8.010    
                         arrival time                          -5.423    
  -------------------------------------------------------------------
                         slack                                  2.587    

Slack (MET) :             2.588ns  (required time - arrival time)
  Source:                 soc/ram/mem_reg_3_bram_24/CLKBWRCLK
                            (rising edge-triggered cell RAMB36E2 clocked by sys_clk  {rise@0.000ns fall@4.000ns period=8.000ns})
  Destination:            soc/cpu/reg_out_reg[27]/D
                            (rising edge-triggered cell FDRE clocked by sys_clk  {rise@0.000ns fall@4.000ns period=8.000ns})
  Path Group:             sys_clk
  Path Type:              Setup (Max at Slow Process Corner)
  Requirement:            8.000ns  (sys_clk rise@8.000ns - sys_clk rise@0.000ns)
  Data Path Delay:        5.346ns  (logic 2.853ns (53.364%)  route 2.493ns (46.636%))
  Logic Levels:           11  (LUT6=4 RAMB36E2=7)
  Clock Path Skew:        -0.055ns (DCD - SCD + CPR)
    Destination Clock Delay (DCD):    0.021ns = ( 8.021 - 8.000 ) 
    Source Clock Delay      (SCD):    0.076ns
    Clock Pessimism Removal (CPR):    0.000ns
  Clock Uncertainty:      0.035ns  ((TSJ^2 + TIJ^2)^1/2 + DJ) / 2 + PE
    Total System Jitter     (TSJ):    0.071ns
    Total Input Jitter      (TIJ):    0.000ns
    Discrete Jitter          (DJ):    0.000ns
    Phase Error              (PE):    0.000ns

    Location             Delay type                Incr(ns)  Path(ns)    Netlist Resource(s)
  -------------------------------------------------------------------    -------------------
                         (clock sys_clk rise edge)    0.000     0.000 r  
                                                      0.000     0.000 r  clk (IN)
                         net (fo=1304, unset)         0.076     0.076    soc/ram/clk
    RAMB36_X9Y72         RAMB36E2                                     r  soc/ram/mem_reg_3_bram_24/CLKBWRCLK
  -------------------------------------------------------------------    -------------------
    RAMB36_X9Y72         RAMB36E2 (Prop_RAMB36E2_RAMB36_CLKBWRCLK_CASDOUTB[7])
                                                      1.070     1.146 r  soc/ram/mem_reg_3_bram_24/CASDOUTB[7]
                         net (fo=1, routed)           0.028     1.174    soc/ram/mem_reg_3_bram_24_n_60
    RAMB36_X9Y73         RAMB36E2 (Prop_RAMB36E2_RAMB36_CASDINB[7]_CASDOUTB[7])
                                                      0.210     1.384 r  soc/ram/mem_reg_3_bram_25/CASDOUTB[7]
                         net (fo=1, routed)           0.028     1.412    soc/ram/mem_reg_3_bram_25_n_60
    RAMB36_X9Y74         RAMB36E2 (Prop_RAMB36E2_RAMB36_CASDINB[7]_CASDOUTB[7])
                                                      0.210     1.622 r  soc/ram/mem_reg_3_bram_26/CASDOUTB[7]
                         net (fo=1, routed)           0.028     1.650    soc/ram/mem_reg_3_bram_26_n_60
    RAMB36_X9Y75         RAMB36E2 (Prop_RAMB36E2_RAMB36_CASDINB[7]_CASDOUTB[7])
                                                      0.210     1.860 r  soc/ram/mem_reg_3_bram_27/CASDOUTB[7]
                         net (fo=1, routed)           0.028     1.888    soc/ram/mem_reg_3_bram_27_n_60
    RAMB36_X9Y76         RAMB36E2 (Prop_RAMB36E2_RAMB36_CASDINB[7]_CASDOUTB[7])
                                                      0.210     2.098 r  soc/ram/mem_reg_3_bram_28/CASDOUTB[7]
                         net (fo=1, routed)           0.028     2.126    soc/ram/mem_reg_3_bram_28_n_60
    RAMB36_X9Y77         RAMB36E2 (Prop_RAMB36E2_RAMB36_CASDINB[7]_CASDOUTB[7])
                                                      0.210     2.336 r  soc/ram/mem_reg_3_bram_29/CASDOUTB[7]
                         net (fo=1, routed)           0.028     2.364    soc/ram/mem_reg_3_bram_29_n_60
    RAMB36_X9Y78         RAMB36E2 (Prop_RAMB36E2_RAMB36_CASDINB[7]_CASDOUTB[7])
                                                      0.210     2.574 r  soc/ram/mem_reg_3_bram_30/CASDOUTB[7]
                         net (fo=1, routed)           0.028     2.602    soc/ram/mem_reg_3_bram_30_n_60
    RAMB36_X9Y79         RAMB36E2 (Prop_RAMB36E2_RAMB36_CASDINB[7]_DOUTBDOUT[7])
                                                      0.117     2.719 r  soc/ram/mem_reg_3_bram_31/DOUTBDOUT[7]
                         net (fo=1, routed)           0.520     3.239    soc/ram/mem_reg_3_bram_31_n_124
    SLICE_X60Y391        LUT6 (Prop_G6LUT_SLICEL_I0_O)
                                                      0.123     3.362 r  soc/ram/mem_rdata_q[31]_i_4/O
                         net (fo=1, routed)           0.615     3.977    soc/cpu/ram_data[31]
    SLICE_X44Y374        LUT6 (Prop_G6LUT_SLICEM_I3_O)
                                                      0.123     4.100 r  soc/cpu/mem_rdata_q[31]_i_2/O
                         net (fo=6, routed)           0.703     4.803    soc/cpu/mem_rdata_q[31]_i_2_n_0
    SLICE_X38Y335        LUT6 (Prop_G6LUT_SLICEL_I2_O)
                                                      0.035     4.838 r  soc/cpu/reg_out[31]_i_3/O
                         net (fo=16, routed)          0.400     5.238    soc/cpu/reg_out[31]_i_3_n_0
    SLICE_X40Y332        LUT6 (Prop_B6LUT_SLICEM_I0_O)
                                                      0.125     5.363 r  soc/cpu/reg_out[27]_i_1/O
                         net (fo=1, routed)           0.059     5.422    soc/cpu/reg_out[27]
    SLICE_X40Y332        FDRE                                         r  soc/cpu/reg_out_reg[27]/D
  -------------------------------------------------------------------    -------------------

                         (clock sys_clk rise edge)    8.000     8.000 r  
                                                      0.000     8.000 r  clk (IN)
                         net (fo=1304, unset)         0.021     8.021    soc/cpu/clk
    SLICE_X40Y332        FDRE                                         r  soc/cpu/reg_out_reg[27]/C
                         clock pessimism              0.000     8.021    
                         clock uncertainty           -0.035     7.986    
    SLICE_X40Y332        FDRE (Setup_BFF_SLICEM_C_D)
                                                      0.025     8.011    soc/cpu/reg_out_reg[27]
  -------------------------------------------------------------------
                         required time                          8.011    
                         arrival time                          -5.422    
  -------------------------------------------------------------------
                         slack                                  2.588    

Slack (MET) :             2.597ns  (required time - arrival time)
  Source:                 soc/ram/mem_reg_3_bram_24/CLKBWRCLK
                            (rising edge-triggered cell RAMB36E2 clocked by sys_clk  {rise@0.000ns fall@4.000ns period=8.000ns})
  Destination:            soc/cpu/reg_out_reg[21]/D
                            (rising edge-triggered cell FDRE clocked by sys_clk  {rise@0.000ns fall@4.000ns period=8.000ns})
  Path Group:             sys_clk
  Path Type:              Setup (Max at Slow Process Corner)
  Requirement:            8.000ns  (sys_clk rise@8.000ns - sys_clk rise@0.000ns)
  Data Path Delay:        5.337ns  (logic 2.902ns (54.376%)  route 2.435ns (45.624%))
  Logic Levels:           12  (LUT6=4 MUXF7=1 RAMB36E2=7)
  Clock Path Skew:        -0.056ns (DCD - SCD + CPR)
    Destination Clock Delay (DCD):    0.020ns = ( 8.020 - 8.000 ) 
    Source Clock Delay      (SCD):    0.076ns
    Clock Pessimism Removal (CPR):    0.000ns
  Clock Uncertainty:      0.035ns  ((TSJ^2 + TIJ^2)^1/2 + DJ) / 2 + PE
    Total System Jitter     (TSJ):    0.071ns
    Total Input Jitter      (TIJ):    0.000ns
    Discrete Jitter          (DJ):    0.000ns
    Phase Error              (PE):    0.000ns

    Location             Delay type                Incr(ns)  Path(ns)    Netlist Resource(s)
  -------------------------------------------------------------------    -------------------
                         (clock sys_clk rise edge)    0.000     0.000 r  
                                                      0.000     0.000 r  clk (IN)
                         net (fo=1304, unset)         0.076     0.076    soc/ram/clk
    RAMB36_X9Y72         RAMB36E2                                     r  soc/ram/mem_reg_3_bram_24/CLKBWRCLK
  -------------------------------------------------------------------    -------------------
    RAMB36_X9Y72         RAMB36E2 (Prop_RAMB36E2_RAMB36_CLKBWRCLK_CASDOUTB[7])
                                                      1.070     1.146 r  soc/ram/mem_reg_3_bram_24/CASDOUTB[7]
                         net (fo=1, routed)           0.028     1.174    soc/ram/mem_reg_3_bram_24_n_60
    RAMB36_X9Y73         RAMB36E2 (Prop_RAMB36E2_RAMB36_CASDINB[7]_CASDOUTB[7])
                                                      0.210     1.384 r  soc/ram/mem_reg_3_bram_25/CASDOUTB[7]
                         net (fo=1, routed)           0.028     1.412    soc/ram/mem_reg_3_bram_25_n_60
    RAMB36_X9Y74         RAMB36E2 (Prop_RAMB36E2_RAMB36_CASDINB[7]_CASDOUTB[7])
                                                      0.210     1.622 r  soc/ram/mem_reg_3_bram_26/CASDOUTB[7]
                         net (fo=1, routed)           0.028     1.650    soc/ram/mem_reg_3_bram_26_n_60
    RAMB36_X9Y75         RAMB36E2 (Prop_RAMB36E2_RAMB36_CASDINB[7]_CASDOUTB[7])
                                                      0.210     1.860 r  soc/ram/mem_reg_3_bram_27/CASDOUTB[7]
                         net (fo=1, routed)           0.028     1.888    soc/ram/mem_reg_3_bram_27_n_60
    RAMB36_X9Y76         RAMB36E2 (Prop_RAMB36E2_RAMB36_CASDINB[7]_CASDOUTB[7])
                                                      0.210     2.098 r  soc/ram/mem_reg_3_bram_28/CASDOUTB[7]
                         net (fo=1, routed)           0.028     2.126    soc/ram/mem_reg_3_bram_28_n_60
    RAMB36_X9Y77         RAMB36E2 (Prop_RAMB36E2_RAMB36_CASDINB[7]_CASDOUTB[7])
                                                      0.210     2.336 r  soc/ram/mem_reg_3_bram_29/CASDOUTB[7]
                         net (fo=1, routed)           0.028     2.364    soc/ram/mem_reg_3_bram_29_n_60
    RAMB36_X9Y78         RAMB36E2 (Prop_RAMB36E2_RAMB36_CASDINB[7]_CASDOUTB[7])
                                                      0.210     2.574 r  soc/ram/mem_reg_3_bram_30/CASDOUTB[7]
                         net (fo=1, routed)           0.028     2.602    soc/ram/mem_reg_3_bram_30_n_60
    RAMB36_X9Y79         RAMB36E2 (Prop_RAMB36E2_RAMB36_CASDINB[7]_DOUTBDOUT[7])
                                                      0.117     2.719 r  soc/ram/mem_reg_3_bram_31/DOUTBDOUT[7]
                         net (fo=1, routed)           0.520     3.239    soc/ram/mem_reg_3_bram_31_n_124
    SLICE_X60Y391        LUT6 (Prop_G6LUT_SLICEL_I0_O)
                                                      0.123     3.362 r  soc/ram/mem_rdata_q[31]_i_4/O
                         net (fo=1, routed)           0.615     3.977    soc/cpu/ram_data[31]
    SLICE_X44Y374        LUT6 (Prop_G6LUT_SLICEM_I3_O)
                                                      0.123     4.100 r  soc/cpu/mem_rdata_q[31]_i_2/O
                         net (fo=6, routed)           0.628     4.728    soc/cpu/mem_rdata_q[31]_i_2_n_0
    SLICE_X37Y335        LUT6 (Prop_G6LUT_SLICEM_I0_O)
                                                      0.052     4.780 f  soc/cpu/reg_out[31]_i_7/O
                         net (fo=1, routed)           0.017     4.797    soc/cpu/reg_out[31]_i_7_n_0
    SLICE_X37Y335        MUXF7 (Prop_F7MUX_GH_SLICEM_I1_O)
                                                      0.067     4.864 f  soc/cpu/reg_out_reg[31]_i_2/O
                         net (fo=25, routed)          0.408     5.272    soc/cpu/reg_out_reg[31]_i_2_n_0
    SLICE_X39Y332        LUT6 (Prop_H6LUT_SLICEL_I1_O)
                                                      0.090     5.362 r  soc/cpu/reg_out[21]_i_1/O
                         net (fo=1, routed)           0.051     5.413    soc/cpu/reg_out[21]
    SLICE_X39Y332        FDRE                                         r  soc/cpu/reg_out_reg[21]/D
  -------------------------------------------------------------------    -------------------

                         (clock sys_clk rise edge)    8.000     8.000 r  
                                                      0.000     8.000 r  clk (IN)
                         net (fo=1304, unset)         0.020     8.020    soc/cpu/clk
    SLICE_X39Y332        FDRE                                         r  soc/cpu/reg_out_reg[21]/C
                         clock pessimism              0.000     8.020    
                         clock uncertainty           -0.035     7.985    
    SLICE_X39Y332        FDRE (Setup_HFF_SLICEL_C_D)
                                                      0.025     8.010    soc/cpu/reg_out_reg[21]
  -------------------------------------------------------------------
                         required time                          8.010    
                         arrival time                          -5.413    
  -------------------------------------------------------------------
                         slack                                  2.597    

Slack (MET) :             2.602ns  (required time - arrival time)
  Source:                 soc/cpu/mem_addr_reg[18]/C
                            (rising edge-triggered cell FDRE clocked by sys_clk  {rise@0.000ns fall@4.000ns period=8.000ns})
  Destination:            soc/ram/mem_reg_3_bram_20/ENARDEN
                            (rising edge-triggered cell RAMB36E2 clocked by sys_clk  {rise@0.000ns fall@4.000ns period=8.000ns})
  Path Group:             sys_clk
  Path Type:              Setup (Max at Slow Process Corner)
  Requirement:            8.000ns  (sys_clk rise@8.000ns - sys_clk rise@0.000ns)
  Data Path Delay:        5.031ns  (logic 0.281ns (5.585%)  route 4.750ns (94.415%))
  Logic Levels:           2  (LUT2=1 LUT6=1)
  Clock Path Skew:        0.011ns (DCD - SCD + CPR)
    Destination Clock Delay (DCD):    0.039ns = ( 8.039 - 8.000 ) 
    Source Clock Delay      (SCD):    0.028ns
    Clock Pessimism Removal (CPR):    0.000ns
  Clock Uncertainty:      0.035ns  ((TSJ^2 + TIJ^2)^1/2 + DJ) / 2 + PE
    Total System Jitter     (TSJ):    0.071ns
    Total Input Jitter      (TIJ):    0.000ns
    Discrete Jitter          (DJ):    0.000ns
    Phase Error              (PE):    0.000ns

    Location             Delay type                Incr(ns)  Path(ns)    Netlist Resource(s)
  -------------------------------------------------------------------    -------------------
                         (clock sys_clk rise edge)    0.000     0.000 r  
                                                      0.000     0.000 r  clk (IN)
                         net (fo=1304, unset)         0.028     0.028    soc/cpu/clk
    SLICE_X33Y328        FDRE                                         r  soc/cpu/mem_addr_reg[18]/C
  -------------------------------------------------------------------    -------------------
    SLICE_X33Y328        FDRE (Prop_DFF2_SLICEL_C_Q)
                                                      0.081     0.109 r  soc/cpu/mem_addr_reg[18]/Q
                         net (fo=163, routed)         4.363     4.472    soc/cpu/mem_addr_reg[18]_0[11]
    SLICE_X60Y381        LUT6 (Prop_H6LUT_SLICEL_I1_O)
                                                      0.150     4.622 r  soc/cpu/mem_reg_3_bram_20_i_1/O
                         net (fo=5, routed)           0.042     4.664    soc/ram/mem_reg_3_bram_20_1[0]
    SLICE_X60Y381        LUT2 (Prop_G6LUT_SLICEL_I0_O)
                                                      0.050     4.714 r  soc/ram/mem_reg_3_bram_20_ENARDEN_cooolgate_en_gate_219/O
                         net (fo=1, routed)           0.345     5.059    soc/ram/mem_reg_3_bram_20_ENARDEN_cooolgate_en_sig_110
    RAMB36_X7Y76         RAMB36E2                                     r  soc/ram/mem_reg_3_bram_20/ENARDEN
  -------------------------------------------------------------------    -------------------

                         (clock sys_clk rise edge)    8.000     8.000 r  
                                                      0.000     8.000 r  clk (IN)
                         net (fo=1304, unset)         0.039     8.039    soc/ram/clk
    RAMB36_X7Y76         RAMB36E2                                     r  soc/ram/mem_reg_3_bram_20/CLKARDCLK
                         clock pessimism              0.000     8.039    
                         clock uncertainty           -0.035     8.004    
    RAMB36_X7Y76         RAMB36E2 (Setup_RAMB36E2_RAMB36_CLKARDCLK_ENARDEN)
                                                     -0.342     7.662    soc/ram/mem_reg_3_bram_20
  -------------------------------------------------------------------
                         required time                          7.662    
                         arrival time                          -5.059    
  -------------------------------------------------------------------
                         slack                                  2.602    

Slack (MET) :             2.605ns  (required time - arrival time)
  Source:                 soc/cpu/mem_addr_reg[18]/C
                            (rising edge-triggered cell FDRE clocked by sys_clk  {rise@0.000ns fall@4.000ns period=8.000ns})
  Destination:            soc/ram/mem_reg_3_bram_22/ENARDEN
                            (rising edge-triggered cell RAMB36E2 clocked by sys_clk  {rise@0.000ns fall@4.000ns period=8.000ns})
  Path Group:             sys_clk
  Path Type:              Setup (Max at Slow Process Corner)
  Requirement:            8.000ns  (sys_clk rise@8.000ns - sys_clk rise@0.000ns)
  Data Path Delay:        5.028ns  (logic 0.303ns (6.026%)  route 4.725ns (93.974%))
  Logic Levels:           2  (LUT2=1 LUT6=1)
  Clock Path Skew:        0.011ns (DCD - SCD + CPR)
    Destination Clock Delay (DCD):    0.039ns = ( 8.039 - 8.000 ) 
    Source Clock Delay      (SCD):    0.028ns
    Clock Pessimism Removal (CPR):    0.000ns
  Clock Uncertainty:      0.035ns  ((TSJ^2 + TIJ^2)^1/2 + DJ) / 2 + PE
    Total System Jitter     (TSJ):    0.071ns
    Total Input Jitter      (TIJ):    0.000ns
    Discrete Jitter          (DJ):    0.000ns
    Phase Error              (PE):    0.000ns

    Location             Delay type                Incr(ns)  Path(ns)    Netlist Resource(s)
  -------------------------------------------------------------------    -------------------
                         (clock sys_clk rise edge)    0.000     0.000 r  
                                                      0.000     0.000 r  clk (IN)
                         net (fo=1304, unset)         0.028     0.028    soc/cpu/clk
    SLICE_X33Y328        FDRE                                         r  soc/cpu/mem_addr_reg[18]/C
  -------------------------------------------------------------------    -------------------
    SLICE_X33Y328        FDRE (Prop_DFF2_SLICEL_C_Q)
                                                      0.081     0.109 r  soc/cpu/mem_addr_reg[18]/Q
                         net (fo=163, routed)         4.299     4.408    soc/cpu/mem_addr_reg[18]_0[11]
    SLICE_X60Y390        LUT6 (Prop_D6LUT_SLICEL_I3_O)
                                                      0.099     4.507 r  soc/cpu/mem_reg_3_bram_22_i_1/O
                         net (fo=5, routed)           0.095     4.602    soc/ram/mem_reg_3_bram_22_1[0]
    SLICE_X60Y391        LUT2 (Prop_F6LUT_SLICEL_I0_O)
                                                      0.123     4.725 r  soc/ram/mem_reg_3_bram_22_ENARDEN_cooolgate_en_gate_223/O
                         net (fo=1, routed)           0.332     5.056    soc/ram/mem_reg_3_bram_22_ENARDEN_cooolgate_en_sig_112
    RAMB36_X7Y78         RAMB36E2                                     r  soc/ram/mem_reg_3_bram_22/ENARDEN
  -------------------------------------------------------------------    -------------------

                         (clock sys_clk rise edge)    8.000     8.000 r  
                                                      0.000     8.000 r  clk (IN)
                         net (fo=1304, unset)         0.039     8.039    soc/ram/clk
    RAMB36_X7Y78         RAMB36E2                                     r  soc/ram/mem_reg_3_bram_22/CLKARDCLK
                         clock pessimism              0.000     8.039    
                         clock uncertainty           -0.035     8.004    
    RAMB36_X7Y78         RAMB36E2 (Setup_RAMB36E2_RAMB36_CLKARDCLK_ENARDEN)
                                                     -0.342     7.662    soc/ram/mem_reg_3_bram_22
  -------------------------------------------------------------------
                         required time                          7.662    
                         arrival time                          -5.056    
  -------------------------------------------------------------------
                         slack                                  2.605    

Slack (MET) :             2.606ns  (required time - arrival time)
  Source:                 soc/cpu/mem_addr_reg[18]/C
                            (rising edge-triggered cell FDRE clocked by sys_clk  {rise@0.000ns fall@4.000ns period=8.000ns})
  Destination:            soc/ram/mem_reg_3_bram_18/ENARDEN
                            (rising edge-triggered cell RAMB36E2 clocked by sys_clk  {rise@0.000ns fall@4.000ns period=8.000ns})
  Path Group:             sys_clk
  Path Type:              Setup (Max at Slow Process Corner)
  Requirement:            8.000ns  (sys_clk rise@8.000ns - sys_clk rise@0.000ns)
  Data Path Delay:        5.028ns  (logic 0.167ns (3.321%)  route 4.861ns (96.679%))
  Logic Levels:           2  (LUT2=1 LUT6=1)
  Clock Path Skew:        0.011ns (DCD - SCD + CPR)
    Destination Clock Delay (DCD):    0.039ns = ( 8.039 - 8.000 ) 
    Source Clock Delay      (SCD):    0.028ns
    Clock Pessimism Removal (CPR):    0.000ns
  Clock Uncertainty:      0.035ns  ((TSJ^2 + TIJ^2)^1/2 + DJ) / 2 + PE
    Total System Jitter     (TSJ):    0.071ns
    Total Input Jitter      (TIJ):    0.000ns
    Discrete Jitter          (DJ):    0.000ns
    Phase Error              (PE):    0.000ns

    Location             Delay type                Incr(ns)  Path(ns)    Netlist Resource(s)
  -------------------------------------------------------------------    -------------------
                         (clock sys_clk rise edge)    0.000     0.000 r  
                                                      0.000     0.000 r  clk (IN)
                         net (fo=1304, unset)         0.028     0.028    soc/cpu/clk
    SLICE_X33Y328        FDRE                                         r  soc/cpu/mem_addr_reg[18]/C
  -------------------------------------------------------------------    -------------------
    SLICE_X33Y328        FDRE (Prop_DFF2_SLICEL_C_Q)
                                                      0.081     0.109 r  soc/cpu/mem_addr_reg[18]/Q
                         net (fo=163, routed)         4.514     4.623    soc/cpu/mem_addr_reg[18]_0[11]
    SLICE_X60Y372        LUT6 (Prop_H6LUT_SLICEL_I1_O)
                                                      0.036     4.659 r  soc/cpu/mem_reg_3_bram_18_i_1/O
                         net (fo=5, routed)           0.042     4.701    soc/ram/mem_reg_3_bram_18_1[0]
    SLICE_X60Y372        LUT2 (Prop_G6LUT_SLICEL_I0_O)
                                                      0.050     4.751 r  soc/ram/mem_reg_3_bram_18_ENARDEN_cooolgate_en_gate_213/O
                         net (fo=1, routed)           0.305     5.056    soc/ram/mem_reg_3_bram_18_ENARDEN_cooolgate_en_sig_107
    RAMB36_X7Y74         RAMB36E2                                     r  soc/ram/mem_reg_3_bram_18/ENARDEN
  -------------------------------------------------------------------    -------------------

                         (clock sys_clk rise edge)    8.000     8.000 r  
                                                      0.000     8.000 r  clk (IN)
                         net (fo=1304, unset)         0.039     8.039    soc/ram/clk
    RAMB36_X7Y74         RAMB36E2                                     r  soc/ram/mem_reg_3_bram_18/CLKARDCLK
                         clock pessimism              0.000     8.039    
                         clock uncertainty           -0.035     8.004    
    RAMB36_X7Y74         RAMB36E2 (Setup_RAMB36E2_RAMB36_CLKARDCLK_ENARDEN)
                                                     -0.342     7.662    soc/ram/mem_reg_3_bram_18
  -------------------------------------------------------------------
                         required time                          7.662    
                         arrival time                          -5.056    
  -------------------------------------------------------------------
                         slack                                  2.606    

Slack (MET) :             2.607ns  (required time - arrival time)
  Source:                 soc/ram/mem_reg_2_bram_24/CLKBWRCLK
                            (rising edge-triggered cell RAMB36E2 clocked by sys_clk  {rise@0.000ns fall@4.000ns period=8.000ns})
  Destination:            soc/cpu/reg_out_reg[16]/D
                            (rising edge-triggered cell FDRE clocked by sys_clk  {rise@0.000ns fall@4.000ns period=8.000ns})
  Path Group:             sys_clk
  Path Type:              Setup (Max at Slow Process Corner)
  Requirement:            8.000ns  (sys_clk rise@8.000ns - sys_clk rise@0.000ns)
  Data Path Delay:        5.328ns  (logic 2.972ns (55.782%)  route 2.356ns (44.217%))
  Logic Levels:           11  (LUT4=1 LUT6=3 RAMB36E2=7)
  Clock Path Skew:        -0.055ns (DCD - SCD + CPR)
    Destination Clock Delay (DCD):    0.021ns = ( 8.021 - 8.000 ) 
    Source Clock Delay      (SCD):    0.076ns
    Clock Pessimism Removal (CPR):    0.000ns
  Clock Uncertainty:      0.035ns  ((TSJ^2 + TIJ^2)^1/2 + DJ) / 2 + PE
    Total System Jitter     (TSJ):    0.071ns
    Total Input Jitter      (TIJ):    0.000ns
    Discrete Jitter          (DJ):    0.000ns
    Phase Error              (PE):    0.000ns

    Location             Delay type                Incr(ns)  Path(ns)    Netlist Resource(s)
  -------------------------------------------------------------------    -------------------
                         (clock sys_clk rise edge)    0.000     0.000 r  
                                                      0.000     0.000 r  clk (IN)
                         net (fo=1304, unset)         0.076     0.076    soc/ram/clk
    RAMB36_X1Y72         RAMB36E2                                     r  soc/ram/mem_reg_2_bram_24/CLKBWRCLK
  -------------------------------------------------------------------    -------------------
    RAMB36_X1Y72         RAMB36E2 (Prop_RAMB36E2_RAMB36_CLKBWRCLK_CASDOUTB[0])
                                                      1.145     1.221 r  soc/ram/mem_reg_2_bram_24/CASDOUTB[0]
                         net (fo=1, routed)           0.028     1.249    soc/ram/mem_reg_2_bram_24_n_67
    RAMB36_X1Y73         RAMB36E2 (Prop_RAMB36E2_RAMB36_CASDINB[0]_CASDOUTB[0])
                                                      0.210     1.459 r  soc/ram/mem_reg_2_bram_25/CASDOUTB[0]
                         net (fo=1, routed)           0.028     1.487    soc/ram/mem_reg_2_bram_25_n_67
    RAMB36_X1Y74         RAMB36E2 (Prop_RAMB36E2_RAMB36_CASDINB[0]_CASDOUTB[0])
                                                      0.210     1.697 r  soc/ram/mem_reg_2_bram_26/CASDOUTB[0]
                         net (fo=1, routed)           0.028     1.725    soc/ram/mem_reg_2_bram_26_n_67
    RAMB36_X1Y75         RAMB36E2 (Prop_RAMB36E2_RAMB36_CASDINB[0]_CASDOUTB[0])
                                                      0.210     1.935 r  soc/ram/mem_reg_2_bram_27/CASDOUTB[0]
                         net (fo=1, routed)           0.028     1.963    soc/ram/mem_reg_2_bram_27_n_67
    RAMB36_X1Y76         RAMB36E2 (Prop_RAMB36E2_RAMB36_CASDINB[0]_CASDOUTB[0])
                                                      0.210     2.173 r  soc/ram/mem_reg_2_bram_28/CASDOUTB[0]
                         net (fo=1, routed)           0.028     2.201    soc/ram/mem_reg_2_bram_28_n_67
    RAMB36_X1Y77         RAMB36E2 (Prop_RAMB36E2_RAMB36_CASDINB[0]_CASDOUTB[0])
                                                      0.210     2.411 r  soc/ram/mem_reg_2_bram_29/CASDOUTB[0]
                         net (fo=1, routed)           0.028     2.439    soc/ram/mem_reg_2_bram_29_n_67
    RAMB36_X1Y78         RAMB36E2 (Prop_RAMB36E2_RAMB36_CASDINB[0]_CASDOUTB[0])
                                                      0.210     2.649 r  soc/ram/mem_reg_2_bram_30/CASDOUTB[0]
                         net (fo=1, routed)           0.028     2.677    soc/ram/mem_reg_2_bram_30_n_67
    RAMB36_X1Y79         RAMB36E2 (Prop_RAMB36E2_RAMB36_CASDINB[0]_DOUTBDOUT[0])
                                                      0.117     2.794 r  soc/ram/mem_reg_2_bram_31/DOUTBDOUT[0]
                         net (fo=1, routed)           0.710     3.504    soc/ram/mem_reg_2_bram_31_n_131
    SLICE_X18Y370        LUT6 (Prop_D6LUT_SLICEL_I0_O)
                                                      0.122     3.626 r  soc/ram/mem_rdata_q[16]_i_2/O
                         net (fo=1, routed)           0.453     4.079    soc/cpu/ram_data[16]
    SLICE_X27Y370        LUT6 (Prop_H6LUT_SLICEL_I3_O)
                                                      0.150     4.229 r  soc/cpu/mem_rdata_q[16]_i_1/O
                         net (fo=5, routed)           0.679     4.908    soc/cpu/mem_rdata_q[16]_i_1_n_0
    SLICE_X38Y335        LUT4 (Prop_B6LUT_SLICEL_I0_O)
                                                      0.090     4.998 r  soc/cpu/reg_out[16]_i_2/O
                         net (fo=1, routed)           0.252     5.250    soc/cpu/reg_out[16]_i_2_n_0
    SLICE_X35Y330        LUT6 (Prop_C6LUT_SLICEM_I3_O)
                                                      0.088     5.338 r  soc/cpu/reg_out[16]_i_1/O
                         net (fo=1, routed)           0.066     5.404    soc/cpu/reg_out[16]
    SLICE_X35Y330        FDRE                                         r  soc/cpu/reg_out_reg[16]/D
  -------------------------------------------------------------------    -------------------

                         (clock sys_clk rise edge)    8.000     8.000 r  
                                                      0.000     8.000 r  clk (IN)
                         net (fo=1304, unset)         0.021     8.021    soc/cpu/clk
    SLICE_X35Y330        FDRE                                         r  soc/cpu/reg_out_reg[16]/C
                         clock pessimism              0.000     8.021    
                         clock uncertainty           -0.035     7.986    
    SLICE_X35Y330        FDRE (Setup_CFF_SLICEM_C_D)
                                                      0.025     8.011    soc/cpu/reg_out_reg[16]
  -------------------------------------------------------------------
                         required time                          8.011    
                         arrival time                          -5.404    
  -------------------------------------------------------------------
                         slack                                  2.607    





Min Delay Paths
--------------------------------------------------------------------------------------
Slack (MET) :             0.044ns  (arrival time - required time)
  Source:                 soc/uart/recv_pattern_reg[4]/C
                            (rising edge-triggered cell FDRE clocked by sys_clk  {rise@0.000ns fall@4.000ns period=8.000ns})
  Destination:            soc/uart/recv_buf_data_reg[4]/D
                            (rising edge-triggered cell FDRE clocked by sys_clk  {rise@0.000ns fall@4.000ns period=8.000ns})
  Path Group:             sys_clk
  Path Type:              Hold (Min at Fast Process Corner)
  Requirement:            0.000ns  (sys_clk rise@0.000ns - sys_clk rise@0.000ns)
  Data Path Delay:        0.097ns  (logic 0.039ns (40.206%)  route 0.058ns (59.794%))
  Logic Levels:           0  
  Clock Path Skew:        0.006ns (DCD - SCD - CPR)
    Destination Clock Delay (DCD):    0.019ns
    Source Clock Delay      (SCD):    0.013ns
    Clock Pessimism Removal (CPR):    -0.000ns

    Location             Delay type                Incr(ns)  Path(ns)    Netlist Resource(s)
  -------------------------------------------------------------------    -------------------
                         (clock sys_clk rise edge)    0.000     0.000 r  
                                                      0.000     0.000 r  clk (IN)
                         net (fo=1304, unset)         0.013     0.013    soc/uart/clk
    SLICE_X33Y376        FDRE                                         r  soc/uart/recv_pattern_reg[4]/C
  -------------------------------------------------------------------    -------------------
    SLICE_X33Y376        FDRE (Prop_HFF_SLICEL_C_Q)
                                                      0.039     0.052 r  soc/uart/recv_pattern_reg[4]/Q
                         net (fo=2, routed)           0.058     0.110    soc/uart/recv_pattern[4]
    SLICE_X33Y374        FDRE                                         r  soc/uart/recv_buf_data_reg[4]/D
  -------------------------------------------------------------------    -------------------

                         (clock sys_clk rise edge)    0.000     0.000 r  
                                                      0.000     0.000 r  clk (IN)
                         net (fo=1304, unset)         0.019     0.019    soc/uart/clk
    SLICE_X33Y374        FDRE                                         r  soc/uart/recv_buf_data_reg[4]/C
                         clock pessimism              0.000     0.019    
    SLICE_X33Y374        FDRE (Hold_GFF2_SLICEL_C_D)
                                                      0.047     0.066    soc/uart/recv_buf_data_reg[4]
  -------------------------------------------------------------------
                         required time                         -0.066    
                         arrival time                           0.110    
  -------------------------------------------------------------------
                         slack                                  0.044    

Slack (MET) :             0.044ns  (arrival time - required time)
  Source:                 soc/uart/recv_state_reg[0]/C
                            (rising edge-triggered cell FDRE clocked by sys_clk  {rise@0.000ns fall@4.000ns period=8.000ns})
  Destination:            soc/uart/recv_state_reg[2]/D
                            (rising edge-triggered cell FDRE clocked by sys_clk  {rise@0.000ns fall@4.000ns period=8.000ns})
  Path Group:             sys_clk
  Path Type:              Hold (Min at Fast Process Corner)
  Requirement:            0.000ns  (sys_clk rise@0.000ns - sys_clk rise@0.000ns)
  Data Path Delay:        0.097ns  (logic 0.060ns (61.607%)  route 0.037ns (38.393%))
  Logic Levels:           1  (LUT3=1)
  Clock Path Skew:        0.006ns (DCD - SCD - CPR)
    Destination Clock Delay (DCD):    0.018ns
    Source Clock Delay      (SCD):    0.012ns
    Clock Pessimism Removal (CPR):    -0.000ns

    Location             Delay type                Incr(ns)  Path(ns)    Netlist Resource(s)
  -------------------------------------------------------------------    -------------------
                         (clock sys_clk rise edge)    0.000     0.000 r  
                                                      0.000     0.000 r  clk (IN)
                         net (fo=1304, unset)         0.012     0.012    soc/uart/clk
    SLICE_X32Y377        FDRE                                         r  soc/uart/recv_state_reg[0]/C
  -------------------------------------------------------------------    -------------------
    SLICE_X32Y377        FDRE (Prop_DFF_SLICEL_C_Q)
                                                      0.039     0.051 r  soc/uart/recv_state_reg[0]/Q
                         net (fo=8, routed)           0.030     0.081    soc/uart/recv_state_reg_n_0_[0]
    SLICE_X32Y377        LUT3 (Prop_B5LUT_SLICEL_I1_O)
                                                      0.021     0.102 r  soc/uart/recv_state[2]_i_1/O
                         net (fo=1, routed)           0.007     0.109    soc/uart/p_1_in[2]
    SLICE_X32Y377        FDRE                                         r  soc/uart/recv_state_reg[2]/D
  -------------------------------------------------------------------    -------------------

                         (clock sys_clk rise edge)    0.000     0.000 r  
                                                      0.000     0.000 r  clk (IN)
                         net (fo=1304, unset)         0.018     0.018    soc/uart/clk
    SLICE_X32Y377        FDRE                                         r  soc/uart/recv_state_reg[2]/C
                         clock pessimism              0.000     0.018    
    SLICE_X32Y377        FDRE (Hold_BFF2_SLICEL_C_D)
                                                      0.047     0.065    soc/uart/recv_state_reg[2]
  -------------------------------------------------------------------
                         required time                         -0.065    
                         arrival time                           0.109    
  -------------------------------------------------------------------
                         slack                                  0.044    

Slack (MET) :             0.049ns  (arrival time - required time)
  Source:                 soc/uart/send_pattern_reg[6]/C
                            (rising edge-triggered cell FDRE clocked by sys_clk  {rise@0.000ns fall@4.000ns period=8.000ns})
  Destination:            soc/uart/send_pattern_reg[5]/D
                            (rising edge-triggered cell FDRE clocked by sys_clk  {rise@0.000ns fall@4.000ns period=8.000ns})
  Path Group:             sys_clk
  Path Type:              Hold (Min at Fast Process Corner)
  Requirement:            0.000ns  (sys_clk rise@0.000ns - sys_clk rise@0.000ns)
  Data Path Delay:        0.101ns  (logic 0.061ns (60.396%)  route 0.040ns (39.604%))
  Logic Levels:           1  (LUT4=1)
  Clock Path Skew:        0.006ns (DCD - SCD - CPR)
    Destination Clock Delay (DCD):    0.019ns
    Source Clock Delay      (SCD):    0.013ns
    Clock Pessimism Removal (CPR):    -0.000ns

    Location             Delay type                Incr(ns)  Path(ns)    Netlist Resource(s)
  -------------------------------------------------------------------    -------------------
                         (clock sys_clk rise edge)    0.000     0.000 r  
                                                      0.000     0.000 r  clk (IN)
                         net (fo=1304, unset)         0.013     0.013    soc/uart/clk
    SLICE_X33Y371        FDRE                                         r  soc/uart/send_pattern_reg[6]/C
  -------------------------------------------------------------------    -------------------
    SLICE_X33Y371        FDRE (Prop_FFF_SLICEL_C_Q)
                                                      0.039     0.052 r  soc/uart/send_pattern_reg[6]/Q
                         net (fo=1, routed)           0.024     0.076    soc/uart/send_pattern_reg_n_0_[6]
    SLICE_X33Y371        LUT4 (Prop_G6LUT_SLICEL_I1_O)
                                                      0.022     0.098 r  soc/uart/send_pattern[5]_i_1/O
                         net (fo=1, routed)           0.016     0.114    soc/uart/send_pattern[5]
    SLICE_X33Y371        FDRE                                         r  soc/uart/send_pattern_reg[5]/D
  -------------------------------------------------------------------    -------------------

                         (clock sys_clk rise edge)    0.000     0.000 r  
                                                      0.000     0.000 r  clk (IN)
                         net (fo=1304, unset)         0.019     0.019    soc/uart/clk
    SLICE_X33Y371        FDRE                                         r  soc/uart/send_pattern_reg[5]/C
                         clock pessimism              0.000     0.019    
    SLICE_X33Y371        FDRE (Hold_GFF_SLICEL_C_D)
                                                      0.046     0.065    soc/uart/send_pattern_reg[5]
  -------------------------------------------------------------------
                         required time                         -0.065    
                         arrival time                           0.114    
  -------------------------------------------------------------------
                         slack                                  0.049    

Slack (MET) :             0.050ns  (arrival time - required time)
  Source:                 soc/uart/send_pattern_reg[3]/C
                            (rising edge-triggered cell FDRE clocked by sys_clk  {rise@0.000ns fall@4.000ns period=8.000ns})
  Destination:            soc/uart/send_pattern_reg[2]/D
                            (rising edge-triggered cell FDRE clocked by sys_clk  {rise@0.000ns fall@4.000ns period=8.000ns})
  Path Group:             sys_clk
  Path Type:              Hold (Min at Fast Process Corner)
  Requirement:            0.000ns  (sys_clk rise@0.000ns - sys_clk rise@0.000ns)
  Data Path Delay:        0.103ns  (logic 0.071ns (68.932%)  route 0.032ns (31.068%))
  Logic Levels:           1  (LUT4=1)
  Clock Path Skew:        0.006ns (DCD - SCD - CPR)
    Destination Clock Delay (DCD):    0.018ns
    Source Clock Delay      (SCD):    0.012ns
    Clock Pessimism Removal (CPR):    -0.000ns

    Location             Delay type                Incr(ns)  Path(ns)    Netlist Resource(s)
  -------------------------------------------------------------------    -------------------
                         (clock sys_clk rise edge)    0.000     0.000 r  
                                                      0.000     0.000 r  clk (IN)
                         net (fo=1304, unset)         0.012     0.012    soc/uart/clk
    SLICE_X33Y371        FDRE                                         r  soc/uart/send_pattern_reg[3]/C
  -------------------------------------------------------------------    -------------------
    SLICE_X33Y371        FDRE (Prop_CFF_SLICEL_C_Q)
                                                      0.039     0.051 r  soc/uart/send_pattern_reg[3]/Q
                         net (fo=1, routed)           0.025     0.076    soc/uart/send_pattern_reg_n_0_[3]
    SLICE_X33Y371        LUT4 (Prop_A5LUT_SLICEL_I1_O)
                                                      0.032     0.108 r  soc/uart/send_pattern[2]_i_1/O
                         net (fo=1, routed)           0.007     0.115    soc/uart/send_pattern[2]
    SLICE_X33Y371        FDRE                                         r  soc/uart/send_pattern_reg[2]/D
  -------------------------------------------------------------------    -------------------

                         (clock sys_clk rise edge)    0.000     0.000 r  
                                                      0.000     0.000 r  clk (IN)
                         net (fo=1304, unset)         0.018     0.018    soc/uart/clk
    SLICE_X33Y371        FDRE                                         r  soc/uart/send_pattern_reg[2]/C
                         clock pessimism              0.000     0.018    
    SLICE_X33Y371        FDRE (Hold_AFF2_SLICEL_C_D)
                                                      0.047     0.065    soc/uart/send_pattern_reg[2]
  -------------------------------------------------------------------
                         required time                         -0.065    
                         arrival time                           0.115    
  -------------------------------------------------------------------
                         slack                                  0.050    

Slack (MET) :             0.051ns  (arrival time - required time)
  Source:                 soc/uart/send_pattern_reg[5]/C
                            (rising edge-triggered cell FDRE clocked by sys_clk  {rise@0.000ns fall@4.000ns period=8.000ns})
  Destination:            soc/uart/send_pattern_reg[4]/D
                            (rising edge-triggered cell FDRE clocked by sys_clk  {rise@0.000ns fall@4.000ns period=8.000ns})
  Path Group:             sys_clk
  Path Type:              Hold (Min at Fast Process Corner)
  Requirement:            0.000ns  (sys_clk rise@0.000ns - sys_clk rise@0.000ns)
  Data Path Delay:        0.103ns  (logic 0.062ns (60.194%)  route 0.041ns (39.806%))
  Logic Levels:           1  (LUT4=1)
  Clock Path Skew:        0.006ns (DCD - SCD - CPR)
    Destination Clock Delay (DCD):    0.019ns
    Source Clock Delay      (SCD):    0.013ns
    Clock Pessimism Removal (CPR):    -0.000ns

    Location             Delay type                Incr(ns)  Path(ns)    Netlist Resource(s)
  -------------------------------------------------------------------    -------------------
                         (clock sys_clk rise edge)    0.000     0.000 r  
                                                      0.000     0.000 r  clk (IN)
                         net (fo=1304, unset)         0.013     0.013    soc/uart/clk
    SLICE_X33Y371        FDRE                                         r  soc/uart/send_pattern_reg[5]/C
  -------------------------------------------------------------------    -------------------
    SLICE_X33Y371        FDRE (Prop_GFF_SLICEL_C_Q)
                                                      0.039     0.052 r  soc/uart/send_pattern_reg[5]/Q
                         net (fo=1, routed)           0.024     0.076    soc/uart/send_pattern_reg_n_0_[5]
    SLICE_X33Y371        LUT4 (Prop_H6LUT_SLICEL_I1_O)
                                                      0.023     0.099 r  soc/uart/send_pattern[4]_i_1/O
                         net (fo=1, routed)           0.017     0.116    soc/uart/send_pattern[4]
    SLICE_X33Y371        FDRE                                         r  soc/uart/send_pattern_reg[4]/D
  -------------------------------------------------------------------    -------------------

                         (clock sys_clk rise edge)    0.000     0.000 r  
                                                      0.000     0.000 r  clk (IN)
                         net (fo=1304, unset)         0.019     0.019    soc/uart/clk
    SLICE_X33Y371        FDRE                                         r  soc/uart/send_pattern_reg[4]/C
                         clock pessimism              0.000     0.019    
    SLICE_X33Y371        FDRE (Hold_HFF_SLICEL_C_D)
                                                      0.046     0.065    soc/uart/send_pattern_reg[4]
  -------------------------------------------------------------------
                         required time                         -0.065    
                         arrival time                           0.116    
  -------------------------------------------------------------------
                         slack                                  0.051    

Slack (MET) :             0.051ns  (arrival time - required time)
  Source:                 soc/uart/send_pattern_reg[7]/C
                            (rising edge-triggered cell FDRE clocked by sys_clk  {rise@0.000ns fall@4.000ns period=8.000ns})
  Destination:            soc/uart/send_pattern_reg[6]/D
                            (rising edge-triggered cell FDRE clocked by sys_clk  {rise@0.000ns fall@4.000ns period=8.000ns})
  Path Group:             sys_clk
  Path Type:              Hold (Min at Fast Process Corner)
  Requirement:            0.000ns  (sys_clk rise@0.000ns - sys_clk rise@0.000ns)
  Data Path Delay:        0.103ns  (logic 0.061ns (59.223%)  route 0.042ns (40.777%))
  Logic Levels:           1  (LUT4=1)
  Clock Path Skew:        0.006ns (DCD - SCD - CPR)
    Destination Clock Delay (DCD):    0.019ns
    Source Clock Delay      (SCD):    0.013ns
    Clock Pessimism Removal (CPR):    -0.000ns

    Location             Delay type                Incr(ns)  Path(ns)    Netlist Resource(s)
  -------------------------------------------------------------------    -------------------
                         (clock sys_clk rise edge)    0.000     0.000 r  
                                                      0.000     0.000 r  clk (IN)
                         net (fo=1304, unset)         0.013     0.013    soc/uart/clk
    SLICE_X33Y371        FDRE                                         r  soc/uart/send_pattern_reg[7]/C
  -------------------------------------------------------------------    -------------------
    SLICE_X33Y371        FDRE (Prop_EFF_SLICEL_C_Q)
                                                      0.039     0.052 r  soc/uart/send_pattern_reg[7]/Q
                         net (fo=1, routed)           0.024     0.076    soc/uart/send_pattern_reg_n_0_[7]
    SLICE_X33Y371        LUT4 (Prop_F6LUT_SLICEL_I1_O)
                                                      0.022     0.098 r  soc/uart/send_pattern[6]_i_1/O
                         net (fo=1, routed)           0.018     0.116    soc/uart/send_pattern[6]
    SLICE_X33Y371        FDRE                                         r  soc/uart/send_pattern_reg[6]/D
  -------------------------------------------------------------------    -------------------

                         (clock sys_clk rise edge)    0.000     0.000 r  
                                                      0.000     0.000 r  clk (IN)
                         net (fo=1304, unset)         0.019     0.019    soc/uart/clk
    SLICE_X33Y371        FDRE                                         r  soc/uart/send_pattern_reg[6]/C
                         clock pessimism              0.000     0.019    
    SLICE_X33Y371        FDRE (Hold_FFF_SLICEL_C_D)
                                                      0.046     0.065    soc/uart/send_pattern_reg[6]
  -------------------------------------------------------------------
                         required time                         -0.065    
                         arrival time                           0.116    
  -------------------------------------------------------------------
                         slack                                  0.051    

Slack (MET) :             0.052ns  (arrival time - required time)
  Source:                 soc/cpu/latched_store_reg/C
                            (rising edge-triggered cell FDSE clocked by sys_clk  {rise@0.000ns fall@4.000ns period=8.000ns})
  Destination:            soc/cpu/latched_store_reg/D
                            (rising edge-triggered cell FDSE clocked by sys_clk  {rise@0.000ns fall@4.000ns period=8.000ns})
  Path Group:             sys_clk
  Path Type:              Hold (Min at Fast Process Corner)
  Requirement:            0.000ns  (sys_clk rise@0.000ns - sys_clk rise@0.000ns)
  Data Path Delay:        0.104ns  (logic 0.052ns (50.108%)  route 0.052ns (49.892%))
  Logic Levels:           1  (LUT6=1)
  Clock Path Skew:        0.006ns (DCD - SCD - CPR)
    Destination Clock Delay (DCD):    0.019ns
    Source Clock Delay      (SCD):    0.013ns
    Clock Pessimism Removal (CPR):    -0.000ns

    Location             Delay type                Incr(ns)  Path(ns)    Netlist Resource(s)
  -------------------------------------------------------------------    -------------------
                         (clock sys_clk rise edge)    0.000     0.000 r  
                                                      0.000     0.000 r  clk (IN)
                         net (fo=1304, unset)         0.013     0.013    soc/cpu/clk
    SLICE_X31Y335        FDSE                                         r  soc/cpu/latched_store_reg/C
  -------------------------------------------------------------------    -------------------
    SLICE_X31Y335        FDSE (Prop_BFF_SLICEM_C_Q)
                                                      0.038     0.051 r  soc/cpu/latched_store_reg/Q
                         net (fo=34, routed)          0.031     0.082    soc/cpu/latched_store_reg_n_0
    SLICE_X31Y335        LUT6 (Prop_B6LUT_SLICEM_I5_O)
                                                      0.014     0.096 r  soc/cpu/latched_store_i_1/O
                         net (fo=1, routed)           0.021     0.117    soc/cpu/latched_store_i_1_n_0
    SLICE_X31Y335        FDSE                                         r  soc/cpu/latched_store_reg/D
  -------------------------------------------------------------------    -------------------

                         (clock sys_clk rise edge)    0.000     0.000 r  
                                                      0.000     0.000 r  clk (IN)
                         net (fo=1304, unset)         0.019     0.019    soc/cpu/clk
    SLICE_X31Y335        FDSE                                         r  soc/cpu/latched_store_reg/C
                         clock pessimism              0.000     0.019    
    SLICE_X31Y335        FDSE (Hold_BFF_SLICEM_C_D)
                                                      0.046     0.065    soc/cpu/latched_store_reg
  -------------------------------------------------------------------
                         required time                         -0.065    
                         arrival time                           0.117    
  -------------------------------------------------------------------
                         slack                                  0.052    

Slack (MET) :             0.053ns  (arrival time - required time)
  Source:                 soc/cpu/mem_do_rdata_reg/C
                            (rising edge-triggered cell FDRE clocked by sys_clk  {rise@0.000ns fall@4.000ns period=8.000ns})
  Destination:            soc/cpu/mem_do_rdata_reg/D
                            (rising edge-triggered cell FDRE clocked by sys_clk  {rise@0.000ns fall@4.000ns period=8.000ns})
  Path Group:             sys_clk
  Path Type:              Hold (Min at Fast Process Corner)
  Requirement:            0.000ns  (sys_clk rise@0.000ns - sys_clk rise@0.000ns)
  Data Path Delay:        0.105ns  (logic 0.054ns (51.405%)  route 0.051ns (48.595%))
  Logic Levels:           1  (LUT6=1)
  Clock Path Skew:        0.006ns (DCD - SCD - CPR)
    Destination Clock Delay (DCD):    0.019ns
    Source Clock Delay      (SCD):    0.013ns
    Clock Pessimism Removal (CPR):    -0.000ns

    Location             Delay type                Incr(ns)  Path(ns)    Netlist Resource(s)
  -------------------------------------------------------------------    -------------------
                         (clock sys_clk rise edge)    0.000     0.000 r  
                                                      0.000     0.000 r  clk (IN)
                         net (fo=1304, unset)         0.013     0.013    soc/cpu/clk
    SLICE_X30Y335        FDRE                                         r  soc/cpu/mem_do_rdata_reg/C
  -------------------------------------------------------------------    -------------------
    SLICE_X30Y335        FDRE (Prop_HFF_SLICEL_C_Q)
                                                      0.039     0.052 r  soc/cpu/mem_do_rdata_reg/Q
                         net (fo=12, routed)          0.034     0.086    soc/cpu/mem_do_rdata
    SLICE_X30Y335        LUT6 (Prop_H6LUT_SLICEL_I0_O)
                                                      0.015     0.101 r  soc/cpu/mem_do_rdata_i_1/O
                         net (fo=1, routed)           0.017     0.118    soc/cpu/mem_do_rdata_i_1_n_0
    SLICE_X30Y335        FDRE                                         r  soc/cpu/mem_do_rdata_reg/D
  -------------------------------------------------------------------    -------------------

                         (clock sys_clk rise edge)    0.000     0.000 r  
                                                      0.000     0.000 r  clk (IN)
                         net (fo=1304, unset)         0.019     0.019    soc/cpu/clk
    SLICE_X30Y335        FDRE                                         r  soc/cpu/mem_do_rdata_reg/C
                         clock pessimism              0.000     0.019    
    SLICE_X30Y335        FDRE (Hold_HFF_SLICEL_C_D)
                                                      0.046     0.065    soc/cpu/mem_do_rdata_reg
  -------------------------------------------------------------------
                         required time                         -0.065    
                         arrival time                           0.118    
  -------------------------------------------------------------------
                         slack                                  0.053    

Slack (MET) :             0.053ns  (arrival time - required time)
  Source:                 soc/xp/FSM_onehot_state_reg[0]/C
                            (rising edge-triggered cell FDSE clocked by sys_clk  {rise@0.000ns fall@4.000ns period=8.000ns})
  Destination:            soc/xp/FSM_onehot_state_reg[1]/D
                            (rising edge-triggered cell FDRE clocked by sys_clk  {rise@0.000ns fall@4.000ns period=8.000ns})
  Path Group:             sys_clk
  Path Type:              Hold (Min at Fast Process Corner)
  Requirement:            0.000ns  (sys_clk rise@0.000ns - sys_clk rise@0.000ns)
  Data Path Delay:        0.106ns  (logic 0.038ns (35.689%)  route 0.068ns (64.311%))
  Logic Levels:           0  
  Clock Path Skew:        0.006ns (DCD - SCD - CPR)
    Destination Clock Delay (DCD):    0.019ns
    Source Clock Delay      (SCD):    0.013ns
    Clock Pessimism Removal (CPR):    -0.000ns

    Location             Delay type                Incr(ns)  Path(ns)    Netlist Resource(s)
  -------------------------------------------------------------------    -------------------
                         (clock sys_clk rise edge)    0.000     0.000 r  
                                                      0.000     0.000 r  clk (IN)
                         net (fo=1304, unset)         0.013     0.013    soc/xp/clk
    SLICE_X34Y338        FDSE                                         r  soc/xp/FSM_onehot_state_reg[0]/C
  -------------------------------------------------------------------    -------------------
    SLICE_X34Y338        FDSE (Prop_EFF_SLICEM_C_Q)
                                                      0.038     0.051 r  soc/xp/FSM_onehot_state_reg[0]/Q
                         net (fo=4, routed)           0.068     0.119    soc/xp/Q[0]
    SLICE_X34Y338        FDRE                                         r  soc/xp/FSM_onehot_state_reg[1]/D
  -------------------------------------------------------------------    -------------------

                         (clock sys_clk rise edge)    0.000     0.000 r  
                                                      0.000     0.000 r  clk (IN)
                         net (fo=1304, unset)         0.019     0.019    soc/xp/clk
    SLICE_X34Y338        FDRE                                         r  soc/xp/FSM_onehot_state_reg[1]/C
                         clock pessimism              0.000     0.019    
    SLICE_X34Y338        FDRE (Hold_EFF2_SLICEM_C_D)
                                                      0.047     0.066    soc/xp/FSM_onehot_state_reg[1]
  -------------------------------------------------------------------
                         required time                         -0.066    
                         arrival time                           0.119    
  -------------------------------------------------------------------
                         slack                                  0.053    

Slack (MET) :             0.055ns  (arrival time - required time)
  Source:                 soc/uart/recv_state_reg[0]/C
                            (rising edge-triggered cell FDRE clocked by sys_clk  {rise@0.000ns fall@4.000ns period=8.000ns})
  Destination:            soc/uart/recv_state_reg[1]/D
                            (rising edge-triggered cell FDRE clocked by sys_clk  {rise@0.000ns fall@4.000ns period=8.000ns})
  Path Group:             sys_clk
  Path Type:              Hold (Min at Fast Process Corner)
  Requirement:            0.000ns  (sys_clk rise@0.000ns - sys_clk rise@0.000ns)
  Data Path Delay:        0.108ns  (logic 0.072ns (66.426%)  route 0.036ns (33.574%))
  Logic Levels:           1  (LUT4=1)
  Clock Path Skew:        0.006ns (DCD - SCD - CPR)
    Destination Clock Delay (DCD):    0.018ns
    Source Clock Delay      (SCD):    0.012ns
    Clock Pessimism Removal (CPR):    -0.000ns

    Location             Delay type                Incr(ns)  Path(ns)    Netlist Resource(s)
  -------------------------------------------------------------------    -------------------
                         (clock sys_clk rise edge)    0.000     0.000 r  
                                                      0.000     0.000 r  clk (IN)
                         net (fo=1304, unset)         0.012     0.012    soc/uart/clk
    SLICE_X32Y377        FDRE                                         r  soc/uart/recv_state_reg[0]/C
  -------------------------------------------------------------------    -------------------
    SLICE_X32Y377        FDRE (Prop_DFF_SLICEL_C_Q)
                                                      0.039     0.051 r  soc/uart/recv_state_reg[0]/Q
                         net (fo=8, routed)           0.030     0.081    soc/uart/recv_state_reg_n_0_[0]
    SLICE_X32Y377        LUT4 (Prop_D5LUT_SLICEL_I3_O)
                                                      0.033     0.114 r  soc/uart/recv_state[1]_i_1/O
                         net (fo=1, routed)           0.006     0.120    soc/uart/p_1_in[1]
    SLICE_X32Y377        FDRE                                         r  soc/uart/recv_state_reg[1]/D
  -------------------------------------------------------------------    -------------------

                         (clock sys_clk rise edge)    0.000     0.000 r  
                                                      0.000     0.000 r  clk (IN)
                         net (fo=1304, unset)         0.018     0.018    soc/uart/clk
    SLICE_X32Y377        FDRE                                         r  soc/uart/recv_state_reg[1]/C
                         clock pessimism              0.000     0.018    
    SLICE_X32Y377        FDRE (Hold_DFF2_SLICEL_C_D)
                                                      0.047     0.065    soc/uart/recv_state_reg[1]
  -------------------------------------------------------------------
                         required time                         -0.065    
                         arrival time                           0.120    
  -------------------------------------------------------------------
                         slack                                  0.055    





Pulse Width Checks
--------------------------------------------------------------------------------------
Clock Name:         sys_clk
Waveform(ns):       { 0.000 4.000 }
Period(ns):         8.000
Sources:            { clk }

Check Type        Corner  Lib Pin             Reference Pin  Required(ns)  Actual(ns)  Slack(ns)  Location      Pin
Min Period        n/a     RAMB36E2/CLKARDCLK  n/a            1.569         8.000       6.431      RAMB36_X4Y63  soc/ram/mem_reg_0_bram_0/CLKARDCLK
Min Period        n/a     RAMB36E2/CLKARDCLK  n/a            1.569         8.000       6.431      RAMB36_X4Y64  soc/ram/mem_reg_0_bram_1/CLKARDCLK
Min Period        n/a     RAMB36E2/CLKARDCLK  n/a            1.569         8.000       6.431      RAMB36_X3Y70  soc/ram/mem_reg_0_bram_10/CLKARDCLK
Min Period        n/a     RAMB36E2/CLKARDCLK  n/a            1.569         8.000       6.431      RAMB36_X3Y71  soc/ram/mem_reg_0_bram_11/CLKARDCLK
Min Period        n/a     RAMB36E2/CLKARDCLK  n/a            1.569         8.000       6.431      RAMB36_X3Y72  soc/ram/mem_reg_0_bram_12/CLKARDCLK
Min Period        n/a     RAMB36E2/CLKARDCLK  n/a            1.569         8.000       6.431      RAMB36_X3Y73  soc/ram/mem_reg_0_bram_13/CLKARDCLK
Min Period        n/a     RAMB36E2/CLKARDCLK  n/a            1.569         8.000       6.431      RAMB36_X3Y74  soc/ram/mem_reg_0_bram_14/CLKARDCLK
Min Period        n/a     RAMB36E2/CLKARDCLK  n/a            1.569         8.000       6.431      RAMB36_X3Y75  soc/ram/mem_reg_0_bram_15/CLKARDCLK
Min Period        n/a     RAMB36E2/CLKARDCLK  n/a            1.569         8.000       6.431      RAMB36_X4Y71  soc/ram/mem_reg_0_bram_16/CLKARDCLK
Min Period        n/a     RAMB36E2/CLKARDCLK  n/a            1.569         8.000       6.431      RAMB36_X4Y72  soc/ram/mem_reg_0_bram_17/CLKARDCLK
Low Pulse Width   Slow    RAMB36E2/CLKARDCLK  n/a            0.542         4.000       3.458      RAMB36_X4Y63  soc/ram/mem_reg_0_bram_0/CLKARDCLK
Low Pulse Width   Fast    RAMB36E2/CLKARDCLK  n/a            0.542         4.000       3.458      RAMB36_X4Y63  soc/ram/mem_reg_0_bram_0/CLKARDCLK
Low Pulse Width   Slow    RAMB36E2/CLKBWRCLK  n/a            0.542         4.000       3.458      RAMB36_X4Y63  soc/ram/mem_reg_0_bram_0/CLKBWRCLK
Low Pulse Width   Fast    RAMB36E2/CLKBWRCLK  n/a            0.542         4.000       3.458      RAMB36_X4Y63  soc/ram/mem_reg_0_bram_0/CLKBWRCLK
Low Pulse Width   Slow    RAMB36E2/CLKARDCLK  n/a            0.542         4.000       3.458      RAMB36_X4Y64  soc/ram/mem_reg_0_bram_1/CLKARDCLK
Low Pulse Width   Fast    RAMB36E2/CLKARDCLK  n/a            0.542         4.000       3.458      RAMB36_X4Y64  soc/ram/mem_reg_0_bram_1/CLKARDCLK
Low Pulse Width   Slow    RAMB36E2/CLKBWRCLK  n/a            0.542         4.000       3.458      RAMB36_X4Y64  soc/ram/mem_reg_0_bram_1/CLKBWRCLK
Low Pulse Width   Fast    RAMB36E2/CLKBWRCLK  n/a            0.542         4.000       3.458      RAMB36_X4Y64  soc/ram/mem_reg_0_bram_1/CLKBWRCLK
Low Pulse Width   Slow    RAMB36E2/CLKARDCLK  n/a            0.542         4.000       3.458      RAMB36_X3Y70  soc/ram/mem_reg_0_bram_10/CLKARDCLK
Low Pulse Width   Fast    RAMB36E2/CLKARDCLK  n/a            0.542         4.000       3.458      RAMB36_X3Y70  soc/ram/mem_reg_0_bram_10/CLKARDCLK
High Pulse Width  Slow    RAMB36E2/CLKARDCLK  n/a            0.542         4.000       3.458      RAMB36_X4Y63  soc/ram/mem_reg_0_bram_0/CLKARDCLK
High Pulse Width  Fast    RAMB36E2/CLKARDCLK  n/a            0.542         4.000       3.458      RAMB36_X4Y63  soc/ram/mem_reg_0_bram_0/CLKARDCLK
High Pulse Width  Slow    RAMB36E2/CLKBWRCLK  n/a            0.542         4.000       3.458      RAMB36_X4Y63  soc/ram/mem_reg_0_bram_0/CLKBWRCLK
High Pulse Width  Fast    RAMB36E2/CLKBWRCLK  n/a            0.542         4.000       3.458      RAMB36_X4Y63  soc/ram/mem_reg_0_bram_0/CLKBWRCLK
High Pulse Width  Slow    RAMB36E2/CLKARDCLK  n/a            0.542         4.000       3.458      RAMB36_X4Y64  soc/ram/mem_reg_0_bram_1/CLKARDCLK
High Pulse Width  Fast    RAMB36E2/CLKARDCLK  n/a            0.542         4.000       3.458      RAMB36_X4Y64  soc/ram/mem_reg_0_bram_1/CLKARDCLK
High Pulse Width  Slow    RAMB36E2/CLKBWRCLK  n/a            0.542         4.000       3.458      RAMB36_X4Y64  soc/ram/mem_reg_0_bram_1/CLKBWRCLK
High Pulse Width  Fast    RAMB36E2/CLKBWRCLK  n/a            0.542         4.000       3.458      RAMB36_X4Y64  soc/ram/mem_reg_0_bram_1/CLKBWRCLK
High Pulse Width  Slow    RAMB36E2/CLKARDCLK  n/a            0.542         4.000       3.458      RAMB36_X3Y70  soc/ram/mem_reg_0_bram_10/CLKARDCLK
High Pulse Width  Fast    RAMB36E2/CLKARDCLK  n/a            0.542         4.000       3.458      RAMB36_X3Y70  soc/ram/mem_reg_0_bram_10/CLKARDCLK



